Archive member included to satisfy reference by file (symbol)

C:/devkitPro/libctru/lib\libcitro2d.a(base.o)
                              main.o (C2D_Init)
C:/devkitPro/libctru/lib\libcitro2d.a(render2d.shbin.o)
                              C:/devkitPro/libctru/lib\libcitro2d.a(base.o) (render2d_shbin)
C:/devkitPro/libctru/lib\libcitro3d.a(base.o)
                              main.o (C3D_Init)
C:/devkitPro/libctru/lib\libcitro3d.a(renderqueue.o)
                              C:/devkitPro/libctru/lib\libcitro3d.a(base.o) (C3Di_RenderQueueEnableVBlank)
C:/devkitPro/libctru/lib\libcitro3d.a(texture.o)
                              C:/devkitPro/libctru/lib\libcitro2d.a(base.o) (C3D_TexBind)
C:/devkitPro/libctru/lib\libcitro3d.a(framebuffer.o)
                              C:/devkitPro/libctru/lib\libcitro3d.a(renderqueue.o) (C3D_CalcColorBufSize)
C:/devkitPro/libctru/lib\libcitro3d.a(texenv.o)
                              C:/devkitPro/libctru/lib\libcitro2d.a(base.o) (C3D_GetTexEnv)
C:/devkitPro/libctru/lib\libcitro3d.a(drawElements.o)
                              C:/devkitPro/libctru/lib\libcitro2d.a(base.o) (C3D_DrawElements)
C:/devkitPro/libctru/lib\libcitro3d.a(proctex.o)
                              C:/devkitPro/libctru/lib\libcitro2d.a(base.o) (C3D_ProcTexInit)
C:/devkitPro/libctru/lib\libcitro3d.a(buffers.o)
                              C:/devkitPro/libctru/lib\libcitro2d.a(base.o) (BufInfo_Init)
C:/devkitPro/libctru/lib\libcitro3d.a(effect.o)
                              C:/devkitPro/libctru/lib\libcitro3d.a(base.o) (C3D_DepthMap)
C:/devkitPro/libctru/lib\libcitro3d.a(attribs.o)
                              C:/devkitPro/libctru/lib\libcitro2d.a(base.o) (AttrInfo_Init)
C:/devkitPro/libctru/lib\libcitro3d.a(immediate.o)
                              C:/devkitPro/libctru/lib\libcitro3d.a(base.o) (C3D_ImmSendAttrib)
C:/devkitPro/libctru/lib\libcitro3d.a(uniforms.o)
                              C:/devkitPro/libctru/lib\libcitro3d.a(base.o) (C3D_UpdateUniforms)
C:/devkitPro/libctru/lib\libcitro3d.a(mtx_ortho.o)
                              C:/devkitPro/libctru/lib\libcitro2d.a(base.o) (Mtx_Ortho)
C:/devkitPro/libctru/lib\libcitro3d.a(mtx_scale.o)
                              C:/devkitPro/libctru/lib\libcitro2d.a(base.o) (Mtx_Scale)
C:/devkitPro/libctru/lib\libcitro3d.a(mtx_multiply.o)
                              C:/devkitPro/libctru/lib\libcitro2d.a(base.o) (Mtx_Multiply)
C:/devkitPro/libctru/lib\libcitro3d.a(mtx_orthotilt.o)
                              C:/devkitPro/libctru/lib\libcitro2d.a(base.o) (Mtx_OrthoTilt)
C:/devkitPro/libctru/lib\libcitro3d.a(mtx_translate.o)
                              C:/devkitPro/libctru/lib\libcitro2d.a(base.o) (Mtx_Translate)
C:/devkitPro/libctru/lib\libcitro3d.a(mtx_rotatez.o)
                              C:/devkitPro/libctru/lib\libcitro2d.a(base.o) (Mtx_RotateZ)
C:/devkitPro/libctru/lib\libctru.a(vram.o)
                              C:/devkitPro/libctru/lib\libcitro3d.a(renderqueue.o) (vramAlloc)
C:/devkitPro/libctru/lib\libctru.a(linear.o)
                              C:/devkitPro/libctru/lib\libcitro2d.a(base.o) (linearAlloc)
C:/devkitPro/libctru/lib\libctru.a(mem_pool.o)
                              C:/devkitPro/libctru/lib\libctru.a(vram.o) (MemPool::Allocate(MemChunk&, unsigned long, int))
C:/devkitPro/libctru/lib\libctru.a(os.o)
                              C:/devkitPro/libctru/lib\libcitro3d.a(texture.o) (osConvertVirtToPhys)
C:/devkitPro/libctru/lib\libctru.a(console.o)
                              main.o (consoleInit)
C:/devkitPro/libctru/lib\libctru.a(gfx.o)
                              C:/devkitPro/libctru/lib\libcitro2d.a(base.o) (gfxIsWide)
C:/devkitPro/libctru/lib\libctru.a(shaderProgram.o)
                              C:/devkitPro/libctru/lib\libcitro2d.a(base.o) (shaderInstanceGetUniformLocation)
C:/devkitPro/libctru/lib\libctru.a(shbin.o)
                              C:/devkitPro/libctru/lib\libcitro2d.a(base.o) (DVLB_ParseFile)
C:/devkitPro/libctru/lib\libctru.a(gx.o)
                              C:/devkitPro/libctru/lib\libcitro3d.a(renderqueue.o) (GX_BindQueue)
C:/devkitPro/libctru/lib\libctru.a(gxqueue.o)
                              C:/devkitPro/libctru/lib\libcitro3d.a(renderqueue.o) (gxCmdQueueClear)
C:/devkitPro/libctru/lib\libctru.a(gpu.o)
                              C:/devkitPro/libctru/lib\libcitro3d.a(base.o) (gpuCmdBufOffset)
C:/devkitPro/libctru/lib\libctru.a(gspgpu.o)
                              C:/devkitPro/libctru/lib\libctru.a(gfx.o) (gspInit)
C:/devkitPro/libctru/lib\libctru.a(apt.o)
                              C:/devkitPro/libctru/lib\libcitro3d.a(base.o) (aptHook)
C:/devkitPro/libctru/lib\libctru.a(hid.o)
                              main.o (hidScanInput)
C:/devkitPro/libctru/lib\libctru.a(ptmsysm.o)
                              C:/devkitPro/libctru/lib\libctru.a(os.o) (ptmSysmInit)
C:/devkitPro/libctru/lib\libctru.a(rbtree_init.o)
[...]
Memory Configuration

Name             Origin             Length             Attributes
*default*        0x0000000000000000 0xffffffffffffffff

Linker script and memory map

                0x0000000000100000                PROVIDE (__start__ = 0x100000)
                0x0000000000100000                . = __start__

.text           0x0000000000100000    0x25fa8
 *(.crt0)
 .crt0          0x0000000000100000       0x94 c:/devkitpro/devkitarm/bin/../lib/gcc/arm-none-eabi/12.1.0/../../../../arm-none-eabi/lib/armv6k/fpu/3dsx_crt0.o
                0x0000000000100000                _start
                0x0000000000100008                __service_ptr
                0x000000000010000c                __apt_appid
                0x0000000000100010                __heap_size
                0x0000000000100014                __linear_heap_size
                0x0000000000100018                __system_arglist
                0x000000000010001c                __system_runflags
 *(.init)
 .init          0x0000000000100094        0xc c:/devkitpro/devkitarm/bin/../lib/gcc/arm-none-eabi/12.1.0/armv6k/fpu/crti.o
                0x0000000000100094                _init
 .init          0x00000000001000a0        0xc c:/devkitpro/devkitarm/bin/../lib/gcc/arm-none-eabi/12.1.0/armv6k/fpu/crtn.o
                0x00000000001000ac                . = ALIGN (0x4)
 *(.text)
 .text          0x00000000001000ac      0x240 c:/devkitpro/devkitarm/bin/../lib/gcc/arm-none-eabi/12.1.0/armv6k/fpu\libgcc.a(_divsi3.o)
                0x00000000001000ac                __divsi3
                0x00000000001000ac                __aeabi_idiv
                0x00000000001002cc                __aeabi_idivmod
 .text          0x00000000001002ec        0x4 c:/devkitpro/devkitarm/bin/../lib/gcc/arm-none-eabi/12.1.0/armv6k/fpu\libgcc.a(_dvmd_tls.o)
                0x00000000001002ec                __aeabi_idiv0
                0x00000000001002ec                __aeabi_ldiv0
 .text          0x00000000001002f0      0x3c0 c:/devkitpro/devkitarm/bin/../lib/gcc/arm-none-eabi/12.1.0/armv6k/fpu\libgcc.a(_arm_addsubdf3.o)
                0x00000000001002f0                __aeabi_drsub
                0x00000000001002f8                __aeabi_dsub
                0x00000000001002f8                __subdf3
                0x00000000001002fc                __aeabi_dadd
                0x00000000001002fc                __adddf3
                0x00000000001005a8                __floatunsidf
                0x00000000001005a8                __aeabi_ui2d
                0x00000000001005cc                __floatsidf
                0x00000000001005cc                __aeabi_i2d
                0x00000000001005f4                __aeabi_f2d
                0x00000000001005f4                __extendsfdf2
                0x000000000010063c                __floatundidf
                0x000000000010063c                __aeabi_ul2d
                0x0000000000100650                __floatdidf
                0x0000000000100650                __aeabi_l2d
 .text          0x00000000001006b0       0x3c c:/devkitpro/devkitarm/bin/../lib/gcc/arm-none-eabi/12.1.0/armv6k/fpu\libgcc.a(_aeabi_uldivmod.o)
                0x00000000001006b0                __aeabi_uldivmod
 *fill*         0x00000000001006ec       0x14 
 .text          0x0000000000100700      0x390 c:/devkitpro/devkitarm/bin/../lib/gcc/arm-none-eabi/12.1.0/../../../../arm-none-eabi/lib/armv6k/fpu\libg.a(lib_a-strcmp.o)
                0x0000000000100708                strcmp
 .text          0x0000000000100a90      0x20c c:/devkitpro/devkitarm/bin/../lib/gcc/arm-none-eabi/12.1.0/armv6k/fpu\libgcc.a(_udivsi3.o)
                0x0000000000100a90                __aeabi_uidiv
                0x0000000000100a90                __udivsi3
                0x0000000000100c7c                __aeabi_uidivmod
 *(.text.*)
 .text.__do_global_dtors_aux
                0x0000000000100c9c       0x40 c:/devkitpro/devkitarm/bin/../lib/gcc/arm-none-eabi/12.1.0/armv6k/fpu/crtbegin.o
 .text.frame_dummy
                0x0000000000100cdc       0x2c c:/devkitpro/devkitarm/bin/../lib/gcc/arm-none-eabi/12.1.0/armv6k/fpu/crtbegin.o
 .text.startup.main
                0x0000000000100d08      0x14c main.o
                0x0000000000100d08                main
 .text.C2Di_FrameEndHook
                0x0000000000100e54       0x44 C:/devkitPro/libctru/lib\libcitro2d.a(base.o)
 .text.C2D_Init
                0x0000000000100e98      0x36c C:/devkitPro/libctru/lib\libcitro2d.a(base.o)
                0x0000000000100e98                C2D_Init
 .text.C2D_Fini
                0x0000000000101204       0x4c C:/devkitPro/libctru/lib\libcitro2d.a(base.o)
                0x0000000000101204                C2D_Fini
 .text.C2D_Prepare
                0x0000000000101250       0xb8 C:/devkitPro/libctru/lib\libcitro2d.a(base.o)
                0x0000000000101250                C2D_Prepare
 .text.C2D_Flush
                0x0000000000101308       0x48 C:/devkitPro/libctru/lib\libcitro2d.a(base.o)
                0x0000000000101308                C2D_Flush
 .text.C2D_SceneSize
                0x0000000000101350      0x104 C:/devkitPro/libctru/lib\libcitro2d.a(base.o)
                0x0000000000101350                C2D_SceneSize
 .text.C2D_CreateScreenTarget
                0x0000000000101454       0x58 C:/devkitPro/libctru/lib\libcitro2d.a(base.o)
                0x0000000000101454                C2D_CreateScreenTarget
 .text.C2D_TargetClear
                0x00000000001014ac       0x64 C:/devkitPro/libctru/lib\libcitro2d.a(base.o)
                0x00000000001014ac                C2D_TargetClear
 .text.C2Di_AppendQuad
                0x0000000000101510       0x58 C:/devkitPro/libctru/lib\libcitro2d.a(base.o)
                0x0000000000101510                C2Di_AppendQuad
 .text.C2Di_Update
                0x0000000000101568      0x550 C:/devkitPro/libctru/lib\libcitro2d.a(base.o)
                0x0000000000101568                C2Di_Update
 .text.C2D_DrawRectangle
                0x0000000000101ab8      0x158 C:/devkitPro/libctru/lib\libcitro2d.a(base.o)
                0x0000000000101ab8                C2D_DrawRectangle
 .text.C3Di_LightEnvUpdate
                0x0000000000101c10        0x4 C:/devkitPro/libctru/lib\libcitro3d.a(base.o)
                0x0000000000101c10                C3Di_LightEnvUpdate
 .text.C3Di_LightEnvDirty
                0x0000000000101c14        0x4 C:/devkitPro/libctru/lib\libcitro3d.a(base.o)
                0x0000000000101c14                C3Di_LightEnvDirty
 .text.C3Di_AptEventHook
                0x0000000000101c18       0xb4 C:/devkitPro/libctru/lib\libcitro3d.a(base.o)
 .text.C3Di_GasUpdate
                0x0000000000101ccc        0x4 C:/devkitPro/libctru/lib\libcitro3d.a(base.o)
                0x0000000000101ccc                C3Di_GasUpdate
 .text.C3D_Init
                0x0000000000101cd0      0x1e0 C:/devkitPro/libctru/lib\libcitro3d.a(base.o)
                0x0000000000101cd0                C3D_Init
 .text.C3D_SetViewport
                0x0000000000101eb0       0x98 C:/devkitPro/libctru/lib\libcitro3d.a(base.o)
                0x0000000000101eb0                C3D_SetViewport
 .text.C3Di_UpdateContext
                0x0000000000101f48      0x4e8 C:/devkitPro/libctru/lib\libcitro3d.a(base.o)
                0x0000000000101f48                C3Di_UpdateContext
 .text.C3Di_SplitFrame
                0x0000000000102430       0xe0 C:/devkitPro/libctru/lib\libcitro3d.a(base.o)
                0x0000000000102430                C3Di_SplitFrame
 .text.C3D_Fini
                0x0000000000102510       0x44 C:/devkitPro/libctru/lib\libcitro3d.a(base.o)
                0x0000000000102510                C3D_Fini
 .text.C3D_BindProgram
                0x0000000000102554      0x114 C:/devkitPro/libctru/lib\libcitro3d.a(base.o)
                0x0000000000102554                C3D_BindProgram
 .text.onVBlank0
                0x0000000000102668       0x4c C:/devkitPro/libctru/lib\libcitro3d.a(renderqueue.o)
 .text.onVBlank1
                0x00000000001026b4       0x4c C:/devkitPro/libctru/lib\libcitro3d.a(renderqueue.o)
 .text.C3Di_RenderTargetDestroy
                0x0000000000102700       0x80 C:/devkitPro/libctru/lib\libcitro3d.a(renderqueue.o)
 .text.onQueueFinish
                0x0000000000102780       0xf4 C:/devkitPro/libctru/lib\libcitro3d.a(renderqueue.o)
 .text.C3Di_RenderQueueEnableVBlank
                0x0000000000102874       0x38 C:/devkitPro/libctru/lib\libcitro3d.a(renderqueue.o)
                0x0000000000102874                C3Di_RenderQueueEnableVBlank
 .text.C3Di_RenderQueueDisableVBlank
                0x00000000001028ac       0x30 C:/devkitPro/libctru/lib\libcitro3d.a(renderqueue.o)
                0x00000000001028ac                C3Di_RenderQueueDisableVBlank
 .text.C3Di_RenderQueueInit
                0x00000000001028dc       0x60 C:/devkitPro/libctru/lib\libcitro3d.a(renderqueue.o)
                0x00000000001028dc                C3Di_RenderQueueInit
 .text.C3Di_RenderQueueExit
                0x000000000010293c       0xb0 C:/devkitPro/libctru/lib\libcitro3d.a(renderqueue.o)
                0x000000000010293c                C3Di_RenderQueueExit
 .text.C3Di_RenderQueueWaitDone
                0x00000000001029ec       0x34 C:/devkitPro/libctru/lib\libcitro3d.a(renderqueue.o)
                0x00000000001029ec                C3Di_RenderQueueWaitDone
 .text.C3D_FrameBegin
                0x0000000000102a20       0xe4 C:/devkitPro/libctru/lib\libcitro3d.a(renderqueue.o)
                0x0000000000102a20                C3D_FrameBegin
 .text.C3D_FrameDrawOn
                0x0000000000102b04       0x48 C:/devkitPro/libctru/lib\libcitro3d.a(renderqueue.o)
                0x0000000000102b04                C3D_FrameDrawOn
 .text.C3D_FrameSplit
                0x0000000000102b4c       0x58 C:/devkitPro/libctru/lib\libcitro3d.a(renderqueue.o)
                0x0000000000102b4c                C3D_FrameSplit
 .text.C3D_FrameEnd
                0x0000000000102ba4      0x1d8 C:/devkitPro/libctru/lib\libcitro3d.a(renderqueue.o)
                0x0000000000102ba4                C3D_FrameEnd
 .text.C3D_FrameEndHook
                0x0000000000102d7c       0x1c C:/devkitPro/libctru/lib\libcitro3d.a(renderqueue.o)
                0x0000000000102d7c                C3D_FrameEndHook
 .text.C3D_RenderTargetCreate
                0x0000000000102d98      0x184 C:/devkitPro/libctru/lib\libcitro3d.a(renderqueue.o)
                0x0000000000102d98                C3D_RenderTargetCreate
 .text.C3D_RenderTargetSetOutput
                0x0000000000102f1c       0xa8 C:/devkitPro/libctru/lib\libcitro3d.a(renderqueue.o)
                0x0000000000102f1c                C3D_RenderTargetSetOutput
 .text.C3D_TexBind
                0x0000000000102fc4       0x44 C:/devkitPro/libctru/lib\libcitro3d.a(texture.o)
                0x0000000000102fc4                C3D_TexBind
 .text.C3Di_SetTex
                0x0000000000103008      0x16c C:/devkitPro/libctru/lib\libcitro3d.a(texture.o)
                0x0000000000103008                C3Di_SetTex
 .text.C3D_CalcColorBufSize
                0x0000000000103174       0x1c C:/devkitPro/libctru/lib\libcitro3d.a(framebuffer.o)
                0x0000000000103174                C3D_CalcColorBufSize
 .text.C3D_CalcDepthBufSize
                0x0000000000103190       0x1c C:/devkitPro/libctru/lib\libcitro3d.a(framebuffer.o)
                0x0000000000103190                C3D_CalcDepthBufSize
 .text.C3D_SetFrameBuf
                0x00000000001031ac       0x44 C:/devkitPro/libctru/lib\libcitro3d.a(framebuffer.o)
                0x00000000001031ac                C3D_SetFrameBuf
 .text.C3Di_FrameBufBind
                0x00000000001031f0      0x16c C:/devkitPro/libctru/lib\libcitro3d.a(framebuffer.o)
                0x00000000001031f0                C3Di_FrameBufBind
 .text.C3D_FrameBufClear
                0x000000000010335c       0xc8 C:/devkitPro/libctru/lib\libcitro3d.a(framebuffer.o)
                0x000000000010335c                C3D_FrameBufClear
 .text.C3D_FrameBufTransfer
                0x0000000000103424       0x44 C:/devkitPro/libctru/lib\libcitro3d.a(framebuffer.o)
                0x0000000000103424                C3D_FrameBufTransfer
 .text.C3D_GetTexEnv
                0x0000000000103468       0x34 C:/devkitPro/libctru/lib\libcitro3d.a(texenv.o)
                0x0000000000103468                C3D_GetTexEnv
 .text.C3Di_TexEnvBind
                0x000000000010349c       0x24 C:/devkitPro/libctru/lib\libcitro3d.a(texenv.o)
                0x000000000010349c                C3Di_TexEnvBind
 .text.C3D_DrawElements
                0x00000000001034c0      0x218 C:/devkitPro/libctru/lib\libcitro3d.a(drawElements.o)
                0x00000000001034c0                C3D_DrawElements
 .text.C3D_ProcTexInit
                0x00000000001036d8       0x70 C:/devkitPro/libctru/lib\libcitro3d.a(proctex.o)
                0x00000000001036d8                C3D_ProcTexInit
 .text.C3D_ProcTexBind
                0x0000000000103748       0x54 C:/devkitPro/libctru/lib\libcitro3d.a(proctex.o)
                0x0000000000103748                C3D_ProcTexBind
 .text.C3D_ProcTexLutBind
                0x000000000010379c       0x5c C:/devkitPro/libctru/lib\libcitro3d.a(proctex.o)
                0x000000000010379c                C3D_ProcTexLutBind
 .text.ProcTexLut_FromArray
                0x00000000001037f8       0xa4 C:/devkitPro/libctru/lib\libcitro3d.a(proctex.o)
                0x00000000001037f8                ProcTexLut_FromArray
 .text.C3Di_ProcTexUpdate
                0x000000000010389c      0x17c C:/devkitPro/libctru/lib\libcitro3d.a(proctex.o)
                0x000000000010389c                C3Di_ProcTexUpdate
 .text.C3Di_ProcTexDirty
                0x0000000000103a18       0x68 C:/devkitPro/libctru/lib\libcitro3d.a(proctex.o)
                0x0000000000103a18                C3Di_ProcTexDirty
 .text.BufInfo_Init
                0x0000000000103a80       0x24 C:/devkitPro/libctru/lib\libcitro3d.a(buffers.o)
                0x0000000000103a80                BufInfo_Init
 .text.BufInfo_Add
                0x0000000000103aa4       0x80 C:/devkitPro/libctru/lib\libcitro3d.a(buffers.o)
                0x0000000000103aa4                BufInfo_Add
 .text.C3D_SetBufInfo
                0x0000000000103b24       0x40 C:/devkitPro/libctru/lib\libcitro3d.a(buffers.o)
                0x0000000000103b24                C3D_SetBufInfo
 .text.C3Di_BufInfoBind
                0x0000000000103b64       0x48 C:/devkitPro/libctru/lib\libcitro3d.a(buffers.o)
                0x0000000000103b64                C3Di_BufInfoBind
 .text.C3D_DepthMap
                0x0000000000103bac       0x40 C:/devkitPro/libctru/lib\libcitro3d.a(effect.o)
                0x0000000000103bac                C3D_DepthMap
 .text.C3D_CullFace
                0x0000000000103bec       0x1c C:/devkitPro/libctru/lib\libcitro3d.a(effect.o)
                0x0000000000103bec                C3D_CullFace
 .text.C3D_StencilTest
                0x0000000000103c08       0x40 C:/devkitPro/libctru/lib\libcitro3d.a(effect.o)
                0x0000000000103c08                C3D_StencilTest
 .text.C3D_StencilOp
                0x0000000000103c48       0x24 C:/devkitPro/libctru/lib\libcitro3d.a(effect.o)
                0x0000000000103c48                C3D_StencilOp
 .text.C3D_BlendingColor
                0x0000000000103c6c       0x1c C:/devkitPro/libctru/lib\libcitro3d.a(effect.o)
                0x0000000000103c6c                C3D_BlendingColor
 .text.C3D_EarlyDepthTest
                0x0000000000103c88       0x24 C:/devkitPro/libctru/lib\libcitro3d.a(effect.o)
                0x0000000000103c88                C3D_EarlyDepthTest
 .text.C3D_DepthTest
                0x0000000000103cac       0x2c C:/devkitPro/libctru/lib\libcitro3d.a(effect.o)
                0x0000000000103cac                C3D_DepthTest
 .text.C3D_AlphaTest
                0x0000000000103cd8       0x2c C:/devkitPro/libctru/lib\libcitro3d.a(effect.o)
                0x0000000000103cd8                C3D_AlphaTest
 .text.C3D_AlphaBlend
                0x0000000000103d04       0x50 C:/devkitPro/libctru/lib\libcitro3d.a(effect.o)
                0x0000000000103d04                C3D_AlphaBlend
 .text.C3D_FragOpMode
                0x0000000000103d54       0x30 C:/devkitPro/libctru/lib\libcitro3d.a(effect.o)
                0x0000000000103d54                C3D_FragOpMode
 .text.C3D_FragOpShadow
                0x0000000000103d84       0x44 C:/devkitPro/libctru/lib\libcitro3d.a(effect.o)
                0x0000000000103d84                C3D_FragOpShadow
 .text.C3Di_EffectBind
                0x0000000000103dc8      0x1ac C:/devkitPro/libctru/lib\libcitro3d.a(effect.o)
                0x0000000000103dc8                C3Di_EffectBind
 .text.AttrInfo_Init
                0x0000000000103f74       0x28 C:/devkitPro/libctru/lib\libcitro3d.a(attribs.o)
                0x0000000000103f74                AttrInfo_Init
 .text.AttrInfo_AddLoader
                0x0000000000103f9c       0x94 C:/devkitPro/libctru/lib\libcitro3d.a(attribs.o)
                0x0000000000103f9c                AttrInfo_AddLoader
 .text.C3D_SetAttrInfo
                0x0000000000104030       0x54 C:/devkitPro/libctru/lib\libcitro3d.a(attribs.o)
                0x0000000000104030                C3D_SetAttrInfo
 .text.C3Di_AttrInfoBind
                0x0000000000104084       0x80 C:/devkitPro/libctru/lib\libcitro3d.a(attribs.o)
                0x0000000000104084                C3Di_AttrInfoBind
 .text.C3D_ImmSendAttrib
                0x0000000000104104       0xa8 C:/devkitPro/libctru/lib\libcitro3d.a(immediate.o)
                0x0000000000104104                C3D_ImmSendAttrib
 .text.C3D_UpdateUniforms
                0x00000000001041ac      0x280 C:/devkitPro/libctru/lib\libcitro3d.a(uniforms.o)
                0x00000000001041ac                C3D_UpdateUniforms
 .text.C3Di_DirtyUniforms
                0x000000000010442c       0xc0 C:/devkitPro/libctru/lib\libcitro3d.a(uniforms.o)
                0x000000000010442c                C3Di_DirtyUniforms
 .text.C3Di_LoadShaderUniforms
                0x00000000001044ec       0xd8 C:/devkitPro/libctru/lib\libcitro3d.a(uniforms.o)
                0x00000000001044ec                C3Di_LoadShaderUniforms
 .text.C3Di_ClearShaderUniforms
                0x00000000001045c4       0x28 C:/devkitPro/libctru/lib\libcitro3d.a(uniforms.o)
                0x00000000001045c4                C3Di_ClearShaderUniforms
 .text.Mtx_Ortho
                0x00000000001045ec       0xcc C:/devkitPro/libctru/lib\libcitro3d.a(mtx_ortho.o)
                0x00000000001045ec                Mtx_Ortho
 .text.Mtx_OrthoTilt
                0x00000000001046b8       0xcc C:/devkitPro/libctru/lib\libcitro3d.a(mtx_orthotilt.o)
                0x00000000001046b8                Mtx_OrthoTilt
 .text._ZL21addrMapNodeComparatorPK11rbtree_nodeS1_
                0x0000000000104784       0x24 C:/devkitPro/libctru/lib\libctru.a(vram.o)
 .text._ZL21addrMapNodeDestructorP11rbtree_node
                0x00000000001047a8        0x4 C:/devkitPro/libctru/lib\libctru.a(vram.o)
 .text.vramMemAlignAt
                0x00000000001047ac      0x250 C:/devkitPro/libctru/lib\libctru.a(vram.o)
                0x00000000001047ac                vramMemAlignAt
 .text.vramAlloc
                0x00000000001049fc        0xc C:/devkitPro/libctru/lib\libctru.a(vram.o)
                0x00000000001049fc                vramAlloc
 .text.vramAllocAt
                0x0000000000104a08        0xc C:/devkitPro/libctru/lib\libctru.a(vram.o)
                0x0000000000104a08                vramAllocAt
 .text.vramFree
                0x0000000000104a14       0x90 C:/devkitPro/libctru/lib\libctru.a(vram.o)
                0x0000000000104a14                vramFree
 .text._ZL21addrMapNodeComparatorPK11rbtree_nodeS1_
                0x0000000000104aa4       0x24 C:/devkitPro/libctru/lib\libctru.a(linear.o)
 .text._ZL21addrMapNodeDestructorP11rbtree_node
                0x0000000000104ac8        0x4 C:/devkitPro/libctru/lib\libctru.a(linear.o)
 .text.linearMemAlign
                0x0000000000104acc      0x120 C:/devkitPro/libctru/lib\libctru.a(linear.o)
                0x0000000000104acc                linearMemAlign
 .text.linearAlloc
                0x0000000000104bec        0x8 C:/devkitPro/libctru/lib\libctru.a(linear.o)
                0x0000000000104bec                linearAlloc
 .text.linearFree
                0x0000000000104bf4       0x5c C:/devkitPro/libctru/lib\libctru.a(linear.o)
                0x0000000000104bf4                linearFree
 .text._ZN7MemPool13CoalesceRightEP8MemBlock
                0x0000000000104c50       0x80 C:/devkitPro/libctru/lib\libctru.a(mem_pool.o)
                0x0000000000104c50                MemPool::CoalesceRight(MemBlock*)
 .text._ZN7MemPool8AllocateER8MemChunkmi
                0x0000000000104cd0      0x16c C:/devkitPro/libctru/lib\libctru.a(mem_pool.o)
                0x0000000000104cd0                MemPool::Allocate(MemChunk&, unsigned long, int)
 .text._ZN7MemPool10DeallocateERK8MemChunk
                0x0000000000104e3c       0xfc C:/devkitPro/libctru/lib\libctru.a(mem_pool.o)
                0x0000000000104e3c                MemPool::Deallocate(MemChunk const&)
 .text._ZN7MemPool12GetFreeSpaceEv
                0x0000000000104f38       0x30 C:/devkitPro/libctru/lib\libctru.a(mem_pool.o)
                0x0000000000104f38                MemPool::GetFreeSpace()
 .text.osConvertVirtToPhys
                0x0000000000104f68       0x74 C:/devkitPro/libctru/lib\libctru.a(os.o)
                0x0000000000104f68                osConvertVirtToPhys
 .text.__ctru_speedup_config
                0x0000000000104fdc       0x34 C:/devkitPro/libctru/lib\libctru.a(os.o)
                0x0000000000104fdc                __ctru_speedup_config
 .text.parseColor
                0x0000000000105010      0x1e8 C:/devkitPro/libctru/lib\libctru.a(console.o)
 .text.consoleDrawChar
                0x00000000001051f8      0x1ac C:/devkitPro/libctru/lib\libctru.a(console.o)
                0x00000000001051f8                consoleDrawChar
 .text.consolePrintChar
                0x00000000001053a4      0x124 C:/devkitPro/libctru/lib\libctru.a(console.o)
                0x00000000001053a4                consolePrintChar
 .text.con_write
                0x00000000001054c8      0xb94 C:/devkitPro/libctru/lib\libctru.a(console.o)
                0x00000000001054c8                con_write
 .text.newRow   0x000000000010605c       0xfc C:/devkitPro/libctru/lib\libctru.a(console.o)
 .text.consoleInit
                0x0000000000106158      0x168 C:/devkitPro/libctru/lib\libctru.a(console.o)
                0x0000000000106158                consoleInit
 .text.gfxPresentFramebuffer
                0x00000000001062c0       0xd0 C:/devkitPro/libctru/lib\libctru.a(gfx.o)
 .text.gfxIsWide
                0x0000000000106390       0x1c C:/devkitPro/libctru/lib\libctru.a(gfx.o)
                0x0000000000106390                gfxIsWide
 .text.gfxSetScreenFormat
                0x00000000001063ac       0xec C:/devkitPro/libctru/lib\libctru.a(gfx.o)
                0x00000000001063ac                gfxSetScreenFormat
 .text.gfxSetDoubleBuffering
                0x0000000000106498       0x10 C:/devkitPro/libctru/lib\libctru.a(gfx.o)
                0x0000000000106498                gfxSetDoubleBuffering
 .text.gfxInit  0x00000000001064a8       0xe0 C:/devkitPro/libctru/lib\libctru.a(gfx.o)
                0x00000000001064a8                gfxInit
 .text.gfxInitDefault
                0x0000000000106588       0x10 C:/devkitPro/libctru/lib\libctru.a(gfx.o)
                0x0000000000106588                gfxInitDefault
 .text.gfxExit  0x0000000000106598       0xb4 C:/devkitPro/libctru/lib\libctru.a(gfx.o)
                0x0000000000106598                gfxExit
 .text.gfxGetFramebuffer
                0x000000000010664c       0xa0 C:/devkitPro/libctru/lib\libctru.a(gfx.o)
                0x000000000010664c                gfxGetFramebuffer
 .text.gfxFlushBuffers
                0x00000000001066ec      0x104 C:/devkitPro/libctru/lib\libctru.a(gfx.o)
                0x00000000001066ec                gfxFlushBuffers
 .text.gfxScreenSwapBuffers
                0x00000000001067f0       0x30 C:/devkitPro/libctru/lib\libctru.a(gfx.o)
                0x00000000001067f0                gfxScreenSwapBuffers
 .text.gfxSwapBuffersGpu
                0x0000000000106820       0x50 C:/devkitPro/libctru/lib\libctru.a(gfx.o)
                0x0000000000106820                gfxSwapBuffersGpu
 .text.shaderInstanceInit
                0x0000000000106870      0x1d4 C:/devkitPro/libctru/lib\libctru.a(shaderProgram.o)
                0x0000000000106870                shaderInstanceInit
 .text.shaderInstanceGetUniformLocation
                0x0000000000106a44       0x18 C:/devkitPro/libctru/lib\libctru.a(shaderProgram.o)
                0x0000000000106a44                shaderInstanceGetUniformLocation
 .text.shaderProgramInit
                0x0000000000106a5c       0x1c C:/devkitPro/libctru/lib\libctru.a(shaderProgram.o)
                0x0000000000106a5c                shaderProgramInit
 .text.shaderProgramFree
                0x0000000000106a78       0x64 C:/devkitPro/libctru/lib\libctru.a(shaderProgram.o)
                0x0000000000106a78                shaderProgramFree
 .text.shaderProgramSetVsh
                0x0000000000106adc       0x80 C:/devkitPro/libctru/lib\libctru.a(shaderProgram.o)
                0x0000000000106adc                shaderProgramSetVsh
 .text.shaderProgramConfigure
                0x0000000000106b5c      0x8e0 C:/devkitPro/libctru/lib\libctru.a(shaderProgram.o)
                0x0000000000106b5c                shaderProgramConfigure
 .text.DVLE_GenerateOutmap.part.0
                0x000000000010743c      0x1cc C:/devkitPro/libctru/lib\libctru.a(shbin.o)
 .text.DVLB_ParseFile
                0x0000000000107608      0x1b4 C:/devkitPro/libctru/lib\libctru.a(shbin.o)
                0x0000000000107608                DVLB_ParseFile
 .text.DVLB_Free
                0x00000000001077bc       0x38 C:/devkitPro/libctru/lib\libctru.a(shbin.o)
                0x00000000001077bc                DVLB_Free
 .text.DVLE_GetUniformRegister
                0x00000000001077f4       0x74 C:/devkitPro/libctru/lib\libctru.a(shbin.o)
                0x00000000001077f4                DVLE_GetUniformRegister
 .text.GX_BindQueue
                0x0000000000107868       0x10 C:/devkitPro/libctru/lib\libctru.a(gx.o)
                0x0000000000107868                GX_BindQueue
 .text.GX_ProcessCommandList
                0x0000000000107878       0x78 C:/devkitPro/libctru/lib\libctru.a(gx.o)
                0x0000000000107878                GX_ProcessCommandList
 .text.GX_MemoryFill
                0x00000000001078f0       0x74 C:/devkitPro/libctru/lib\libctru.a(gx.o)
                0x00000000001078f0                GX_MemoryFill
 .text.GX_DisplayTransfer
                0x0000000000107964       0x70 C:/devkitPro/libctru/lib\libctru.a(gx.o)
                0x0000000000107964                GX_DisplayTransfer
 .text.gxCmdQueueDoCommands.part.0
                0x00000000001079d4       0x68 C:/devkitPro/libctru/lib\libctru.a(gxqueue.o)
 .text.gxCmdQueueInterrupt
                0x0000000000107a3c       0xc8 C:/devkitPro/libctru/lib\libctru.a(gxqueue.o)
                0x0000000000107a3c                gxCmdQueueInterrupt
 .text.gxCmdQueueClear
                0x0000000000107b04       0x4c C:/devkitPro/libctru/lib\libctru.a(gxqueue.o)
                0x0000000000107b04                gxCmdQueueClear
 .text.gxCmdQueueAdd
                0x0000000000107b50       0xf8 C:/devkitPro/libctru/lib\libctru.a(gxqueue.o)
                0x0000000000107b50                gxCmdQueueAdd
 .text.gxCmdQueueRun
                0x0000000000107c48       0x80 C:/devkitPro/libctru/lib\libctru.a(gxqueue.o)
                0x0000000000107c48                gxCmdQueueRun
 .text.gxCmdQueueStop
                0x0000000000107cc8       0x60 C:/devkitPro/libctru/lib\libctru.a(gxqueue.o)
                0x0000000000107cc8                gxCmdQueueStop
 .text.gxCmdQueueWait
                0x0000000000107d28       0x74 C:/devkitPro/libctru/lib\libctru.a(gxqueue.o)
                0x0000000000107d28                gxCmdQueueWait
 .text.GPUCMD_Add
                0x0000000000107d9c      0x13c C:/devkitPro/libctru/lib\libctru.a(gpu.o)
                0x0000000000107d9c                GPUCMD_Add
 .text.GPUCMD_Split
                0x0000000000107ed8       0xb0 C:/devkitPro/libctru/lib\libctru.a(gpu.o)
                0x0000000000107ed8                GPUCMD_Split
 .text.f32tof16
                0x0000000000107f88       0x34 C:/devkitPro/libctru/lib\libctru.a(gpu.o)
                0x0000000000107f88                f32tof16
 .text.f32tof24
                0x0000000000107fbc       0x34 C:/devkitPro/libctru/lib\libctru.a(gpu.o)
                0x0000000000107fbc                f32tof24
 .text.f32tof31
                0x0000000000107ff0       0x38 C:/devkitPro/libctru/lib\libctru.a(gpu.o)
                0x0000000000107ff0                f32tof31
 .text.gspHardwareInit
                0x0000000000108028      0xc58 C:/devkitPro/libctru/lib\libctru.a(gspgpu.o)
 .text.gspInit  0x0000000000108c80      0x248 C:/devkitPro/libctru/lib\libctru.a(gspgpu.o)
                0x0000000000108c80                gspInit
 .text.gspExit  0x0000000000108ec8       0xf0 C:/devkitPro/libctru/lib\libctru.a(gspgpu.o)
                0x0000000000108ec8                gspExit
 .text.gspHasGpuRight
                0x0000000000108fb8       0x10 C:/devkitPro/libctru/lib\libctru.a(gspgpu.o)
                0x0000000000108fb8                gspHasGpuRight
 .text.gspPresentBuffer
                0x0000000000108fc8       0xa0 C:/devkitPro/libctru/lib\libctru.a(gspgpu.o)
                0x0000000000108fc8                gspPresentBuffer
 .text.gspSetEventCallback
                0x0000000000109068       0x30 C:/devkitPro/libctru/lib\libctru.a(gspgpu.o)
                0x0000000000109068                gspSetEventCallback
 .text.gspWaitForEvent
                0x0000000000109098       0x44 C:/devkitPro/libctru/lib\libctru.a(gspgpu.o)
                0x0000000000109098                gspWaitForEvent
 .text.gspWaitForAnyEvent
                0x00000000001090dc       0x4c C:/devkitPro/libctru/lib\libctru.a(gspgpu.o)
                0x00000000001090dc                gspWaitForAnyEvent
 .text.gspEventThreadMain
                0x0000000000109128      0x158 C:/devkitPro/libctru/lib\libctru.a(gspgpu.o)
 .text.gspSubmitGxCommand
                0x0000000000109280      0x130 C:/devkitPro/libctru/lib\libctru.a(gspgpu.o)
                0x0000000000109280                gspSubmitGxCommand
 .text.GSPGPU_FlushDataCache
                0x00000000001093b0       0x50 C:/devkitPro/libctru/lib\libctru.a(gspgpu.o)
                0x00000000001093b0                GSPGPU_FlushDataCache
 .text.GSPGPU_SetLcdForceBlack
                0x0000000000109400       0x34 C:/devkitPro/libctru/lib\libctru.a(gspgpu.o)
                0x0000000000109400                GSPGPU_SetLcdForceBlack
 .text.GSPGPU_AcquireRight
                0x0000000000109434       0x68 C:/devkitPro/libctru/lib\libctru.a(gspgpu.o)
                0x0000000000109434                GSPGPU_AcquireRight
 .text.GSPGPU_ReleaseRight
                0x000000000010949c       0x48 C:/devkitPro/libctru/lib\libctru.a(gspgpu.o)
                0x000000000010949c                GSPGPU_ReleaseRight
 .text.GSPGPU_ImportDisplayCaptureInfo
                0x00000000001094e4       0x7c C:/devkitPro/libctru/lib\libctru.a(gspgpu.o)
                0x00000000001094e4                GSPGPU_ImportDisplayCaptureInfo
 .text.GSPGPU_SaveVramSysArea
                0x0000000000109560       0x2c C:/devkitPro/libctru/lib\libctru.a(gspgpu.o)
                0x0000000000109560                GSPGPU_SaveVramSysArea
 .text.GSPGPU_RestoreVramSysArea
                0x000000000010958c       0x2c C:/devkitPro/libctru/lib\libctru.a(gspgpu.o)
                0x000000000010958c                GSPGPU_RestoreVramSysArea
 .text.aptConvertScreenForCapture
                0x00000000001095b8      0x1a4 C:/devkitPro/libctru/lib\libctru.a(apt.o)
 .text.aptDspSleep
                0x000000000010975c        0x8 C:/devkitPro/libctru/lib\libctru.a(apt.o)
                0x000000000010975c                aptDspSleep
 .text.aptDspWakeup
                0x0000000000109764        0x4 C:/devkitPro/libctru/lib\libctru.a(apt.o)
                0x0000000000109764                aptDspWakeup
 .text.aptDspCancel
                0x0000000000109768        0x4 C:/devkitPro/libctru/lib\libctru.a(apt.o)
                0x0000000000109768                aptDspCancel
 .text.aptSendCommand
                0x000000000010976c      0x158 C:/devkitPro/libctru/lib\libctru.a(apt.o)
                0x000000000010976c                aptSendCommand
 *fill*         0x00000000001098c4        0x4 
 .text.aptExitProcess
                0x00000000001098c8       0x44 C:/devkitPro/libctru/lib\libctru.a(apt.o)
 .text.aptExit  0x000000000010990c      0x2f4 C:/devkitPro/libctru/lib\libctru.a(apt.o)
                0x000000000010990c                aptExit
 .text.aptHandleSleep
                0x0000000000109c00       0xe0 C:/devkitPro/libctru/lib\libctru.a(apt.o)
                0x0000000000109c00                aptHandleSleep
 .text.aptHook  0x0000000000109ce0       0x30 C:/devkitPro/libctru/lib\libctru.a(apt.o)
                0x0000000000109ce0                aptHook
 .text.aptUnhook
                0x0000000000109d10       0x30 C:/devkitPro/libctru/lib\libctru.a(apt.o)
                0x0000000000109d10                aptUnhook
 .text.APT_SleepIfShellClosed
                0x0000000000109d40       0x84 C:/devkitPro/libctru/lib\libctru.a(apt.o)
                0x0000000000109d40                APT_SleepIfShellClosed
 .text.aptSetSleepAllowed
                0x0000000000109dc4       0x84 C:/devkitPro/libctru/lib\libctru.a(apt.o)
                0x0000000000109dc4                aptSetSleepAllowed
 .text.APT_UnlockTransition
                0x0000000000109e48       0x84 C:/devkitPro/libctru/lib\libctru.a(apt.o)
                0x0000000000109e48                APT_UnlockTransition
 *fill*         0x0000000000109ecc        0x4 
 .text.aptEventHandler
                0x0000000000109ed0      0x4a4 C:/devkitPro/libctru/lib\libctru.a(apt.o)
 .text.APT_ReceiveParameter
                0x000000000010a374       0xb0 C:/devkitPro/libctru/lib\libctru.a(apt.o)
                0x000000000010a374                APT_ReceiveParameter
 .text.aptReceiveParameter.constprop.0
                0x000000000010a424       0xb0 C:/devkitPro/libctru/lib\libctru.a(apt.o)
 *fill*         0x000000000010a4d4        0x4 
 .text.aptScreenTransfer
                0x000000000010a4d8      0x2ac C:/devkitPro/libctru/lib\libctru.a(apt.o)
 .text.aptWaitForWakeUp.isra.0
                0x000000000010a784      0x344 C:/devkitPro/libctru/lib\libctru.a(apt.o)
 .text.aptJumpToHomeMenu
                0x000000000010aac8      0x100 C:/devkitPro/libctru/lib\libctru.a(apt.o)
                0x000000000010aac8                aptJumpToHomeMenu
 .text.aptMainLoop
                0x000000000010abc8       0x48 C:/devkitPro/libctru/lib\libctru.a(apt.o)
                0x000000000010abc8                aptMainLoop
 .text.aptInit  0x000000000010ac10      0x22c C:/devkitPro/libctru/lib\libctru.a(apt.o)
                0x000000000010ac10                aptInit
 .text.APT_CheckNew3DS
                0x000000000010ae3c       0x7c C:/devkitPro/libctru/lib\libctru.a(apt.o)
                0x000000000010ae3c                APT_CheckNew3DS
 .text.hidShouldUseIrrst
                0x000000000010aeb8       0x24 C:/devkitPro/libctru/lib\libctru.a(hid.o)
                0x000000000010aeb8                hidShouldUseIrrst
 .text.hidInit  0x000000000010aedc      0x18c C:/devkitPro/libctru/lib\libctru.a(hid.o)
                0x000000000010aedc                hidInit
 .text.hidExit  0x000000000010b068       0xe8 C:/devkitPro/libctru/lib\libctru.a(hid.o)
                0x000000000010b068                hidExit
 .text.hidScanInput
                0x000000000010b150      0x2a4 C:/devkitPro/libctru/lib\libctru.a(hid.o)
                0x000000000010b150                hidScanInput
 .text.hidKeysDown
                0x000000000010b3f4       0x10 C:/devkitPro/libctru/lib\libctru.a(hid.o)
                0x000000000010b3f4                hidKeysDown
 .text.hidCircleRead
                0x000000000010b404       0x18 C:/devkitPro/libctru/lib\libctru.a(hid.o)
                0x000000000010b404                hidCircleRead
 .text.ptmSysmInit
                0x000000000010b41c       0x74 C:/devkitPro/libctru/lib\libctru.a(ptmsysm.o)
                0x000000000010b41c                ptmSysmInit
 .text.ptmSysmExit
                0x000000000010b490       0x3c C:/devkitPro/libctru/lib\libctru.a(ptmsysm.o)
                0x000000000010b490                ptmSysmExit
 .text.PTMSYSM_ConfigureNew3DSCPU
                0x000000000010b4cc       0x34 C:/devkitPro/libctru/lib\libctru.a(ptmsysm.o)
                0x000000000010b4cc                PTMSYSM_ConfigureNew3DSCPU
 .text.rbtree_init
                0x000000000010b500       0x10 C:/devkitPro/libctru/lib\libctru.a(rbtree_init.o)
                0x000000000010b500                rbtree_init
 .text.do_insert
                0x000000000010b510      0x1b4 C:/devkitPro/libctru/lib\libctru.a(rbtree_insert.o)
 .text.rbtree_insert
                0x000000000010b6c4        0x8 C:/devkitPro/libctru/lib\libctru.a(rbtree_insert.o)
                0x000000000010b6c4                rbtree_insert
 .text.rbtree_rotate
                0x000000000010b6cc       0x90 C:/devkitPro/libctru/lib\libctru.a(rbtree_rotate.o)
                0x000000000010b6cc                rbtree_rotate
 .text.rbtree_remove
                0x000000000010b75c      0x318 C:/devkitPro/libctru/lib\libctru.a(rbtree_remove.o)
                0x000000000010b75c                rbtree_remove
 .text.rbtree_find
                0x000000000010ba74       0x74 C:/devkitPro/libctru/lib\libctru.a(rbtree_find.o)
                0x000000000010ba74                rbtree_find
 .text.__system_allocateHeaps
                0x000000000010bae8      0x1e0 C:/devkitPro/libctru/lib\libctru.a(allocateHeaps.o)
                0x000000000010bae8                __system_allocateHeaps
 .text.__libctru_init
                0x000000000010bcc8       0x38 C:/devkitPro/libctru/lib\libctru.a(ctru_init.o)
                0x000000000010bcc8                __libctru_init
 .text.__system_initArgv
                0x000000000010bd00      0x170 C:/devkitPro/libctru/lib\libctru.a(initArgv.o)
                0x000000000010bd00                __system_initArgv
 .text.svcControlMemory
                0x000000000010be70       0x20 C:/devkitPro/libctru/lib\libctru.a(svc.o)
                0x000000000010be70                svcControlMemory
 .text.svcQueryMemory
                0x000000000010be90       0x30 C:/devkitPro/libctru/lib\libctru.a(svc.o)
                0x000000000010be90                svcQueryMemory
 .text.svcExitProcess
                0x000000000010bec0        0x8 C:/devkitPro/libctru/lib\libctru.a(svc.o)
                0x000000000010bec0                svcExitProcess
 .text.svcCreateThread
                0x000000000010bec8       0x20 C:/devkitPro/libctru/lib\libctru.a(svc.o)
                0x000000000010bec8                svcCreateThread
 .text.svcExitThread
                0x000000000010bee8        0x8 C:/devkitPro/libctru/lib\libctru.a(svc.o)
                0x000000000010bee8                svcExitThread
 .text.svcSleepThread
                0x000000000010bef0        0x8 C:/devkitPro/libctru/lib\libctru.a(svc.o)
                0x000000000010bef0                svcSleepThread
 .text.svcReleaseMutex
                0x000000000010bef8        0x8 C:/devkitPro/libctru/lib\libctru.a(svc.o)
                0x000000000010bef8                svcReleaseMutex
 .text.svcCreateEvent
                0x000000000010bf00       0x14 C:/devkitPro/libctru/lib\libctru.a(svc.o)
                0x000000000010bf00                svcCreateEvent
 .text.svcSignalEvent
                0x000000000010bf14        0x8 C:/devkitPro/libctru/lib\libctru.a(svc.o)
                0x000000000010bf14                svcSignalEvent
 .text.svcClearEvent
                0x000000000010bf1c        0x8 C:/devkitPro/libctru/lib\libctru.a(svc.o)
                0x000000000010bf1c                svcClearEvent
 .text.svcMapMemoryBlock
                0x000000000010bf24        0x8 C:/devkitPro/libctru/lib\libctru.a(svc.o)
                0x000000000010bf24                svcMapMemoryBlock
 .text.svcUnmapMemoryBlock
                0x000000000010bf2c        0x8 C:/devkitPro/libctru/lib\libctru.a(svc.o)
                0x000000000010bf2c                svcUnmapMemoryBlock
 .text.svcCreateAddressArbiter
                0x000000000010bf34       0x14 C:/devkitPro/libctru/lib\libctru.a(svc.o)
                0x000000000010bf34                svcCreateAddressArbiter
 .text.svcArbitrateAddressNoTimeout
                0x000000000010bf48        0x8 C:/devkitPro/libctru/lib\libctru.a(svc.o)
                0x000000000010bf48                svcArbitrateAddressNoTimeout
 .text.svcCloseHandle
                0x000000000010bf50        0x8 C:/devkitPro/libctru/lib\libctru.a(svc.o)
                0x000000000010bf50                svcCloseHandle
 .text.svcWaitSynchronization
                0x000000000010bf58        0x8 C:/devkitPro/libctru/lib\libctru.a(svc.o)
                0x000000000010bf58                svcWaitSynchronization
 .text.svcWaitSynchronizationN
                0x000000000010bf60       0x28 C:/devkitPro/libctru/lib\libctru.a(svc.o)
                0x000000000010bf60                svcWaitSynchronizationN
 .text.svcDuplicateHandle
                0x000000000010bf88       0x14 C:/devkitPro/libctru/lib\libctru.a(svc.o)
                0x000000000010bf88                svcDuplicateHandle
 .text.svcGetSystemTick
                0x000000000010bf9c        0x8 C:/devkitPro/libctru/lib\libctru.a(svc.o)
                0x000000000010bf9c                svcGetSystemTick
 .text.svcConnectToPort
                0x000000000010bfa4       0x14 C:/devkitPro/libctru/lib\libctru.a(svc.o)
                0x000000000010bfa4                svcConnectToPort
 .text.svcSendSyncRequest
                0x000000000010bfb8        0x8 C:/devkitPro/libctru/lib\libctru.a(svc.o)
                0x000000000010bfb8                svcSendSyncRequest
 .text.svcGetResourceLimit
                0x000000000010bfc0       0x14 C:/devkitPro/libctru/lib\libctru.a(svc.o)
                0x000000000010bfc0                svcGetResourceLimit
 .text.svcGetResourceLimitLimitValues
                0x000000000010bfd4        0x8 C:/devkitPro/libctru/lib\libctru.a(svc.o)
                0x000000000010bfd4                svcGetResourceLimitLimitValues
 .text.svcGetResourceLimitCurrentValues
                0x000000000010bfdc        0x8 C:/devkitPro/libctru/lib\libctru.a(svc.o)
                0x000000000010bfdc                svcGetResourceLimitCurrentValues
 .text.svcBreak
                0x000000000010bfe4        0x8 C:/devkitPro/libctru/lib\libctru.a(svc.o)
                0x000000000010bfe4                svcBreak
 .text.initSystem
                0x000000000010bfec       0x50 C:/devkitPro/libctru/lib\libctru.a(stack_adjust.o)
                0x000000000010bfec                initSystem
 .text.__ctru_exit
                0x000000000010c03c       0x18 C:/devkitPro/libctru/lib\libctru.a(stack_adjust.o)
                0x000000000010c03c                __ctru_exit
 .text.__sync_init
                0x000000000010c054        0xc C:/devkitPro/libctru/lib\libctru.a(synchronization.o)
                0x000000000010c054                __sync_init
 .text.__sync_fini
                0x000000000010c060       0x18 C:/devkitPro/libctru/lib\libctru.a(synchronization.o)
                0x000000000010c060                __sync_fini
 .text.syncArbitrateAddress
                0x000000000010c078       0x2c C:/devkitPro/libctru/lib\libctru.a(synchronization.o)
                0x000000000010c078                syncArbitrateAddress
 .text.LightLock_Lock
                0x000000000010c0a4       0xb0 C:/devkitPro/libctru/lib\libctru.a(synchronization.o)
                0x000000000010c0a4                LightLock_Lock
 .text.LightLock_Unlock
                0x000000000010c154       0x40 C:/devkitPro/libctru/lib\libctru.a(synchronization.o)
                0x000000000010c154                LightLock_Unlock
 .text.RecursiveLock_Init
                0x000000000010c194       0x24 C:/devkitPro/libctru/lib\libctru.a(synchronization.o)
                0x000000000010c194                RecursiveLock_Init
 .text.RecursiveLock_Lock
                0x000000000010c1b8       0x30 C:/devkitPro/libctru/lib\libctru.a(synchronization.o)
                0x000000000010c1b8                RecursiveLock_Lock
 .text.RecursiveLock_Unlock
                0x000000000010c1e8       0x54 C:/devkitPro/libctru/lib\libctru.a(synchronization.o)
                0x000000000010c1e8                RecursiveLock_Unlock
 .text.LightEvent_Init
                0x000000000010c23c       0x40 C:/devkitPro/libctru/lib\libctru.a(synchronization.o)
                0x000000000010c23c                LightEvent_Init
 .text.LightEvent_Clear
                0x000000000010c27c       0xa4 C:/devkitPro/libctru/lib\libctru.a(synchronization.o)
                0x000000000010c27c                LightEvent_Clear
 .text.LightEvent_Signal
                0x000000000010c320       0xc8 C:/devkitPro/libctru/lib\libctru.a(synchronization.o)
                0x000000000010c320                LightEvent_Signal
 .text.LightEvent_TryWait
                0x000000000010c3e8       0x50 C:/devkitPro/libctru/lib\libctru.a(synchronization.o)
                0x000000000010c3e8                LightEvent_TryWait
 .text.LightEvent_Wait
                0x000000000010c438       0xb0 C:/devkitPro/libctru/lib\libctru.a(synchronization.o)
                0x000000000010c438                LightEvent_Wait
 .text.srvInit  0x000000000010c4e8      0x130 C:/devkitPro/libctru/lib\libctru.a(srv.o)
                0x000000000010c4e8                srvInit
 .text.srvExit  0x000000000010c618       0x58 C:/devkitPro/libctru/lib\libctru.a(srv.o)
                0x000000000010c618                srvExit
 .text.srvGetServiceHandleDirect
                0x000000000010c670       0xa0 C:/devkitPro/libctru/lib\libctru.a(srv.o)
                0x000000000010c670                srvGetServiceHandleDirect
 .text.srvGetServiceHandle
                0x000000000010c710       0x38 C:/devkitPro/libctru/lib\libctru.a(srv.o)
                0x000000000010c710                srvGetServiceHandle
 .text.srvPublishToSubscriber
                0x000000000010c748       0x38 C:/devkitPro/libctru/lib\libctru.a(srv.o)
                0x000000000010c748                srvPublishToSubscriber
 .text.threadCreate
                0x000000000010c780      0x178 C:/devkitPro/libctru/lib\libctru.a(thread.o)
                0x000000000010c780                threadCreate
 .text.threadFree
                0x000000000010c8f8       0x2c C:/devkitPro/libctru/lib\libctru.a(thread.o)
                0x000000000010c8f8                threadFree
 .text.threadJoin
                0x000000000010c924       0x24 C:/devkitPro/libctru/lib\libctru.a(thread.o)
                0x000000000010c924                threadJoin
 .text.threadGetCurrent
                0x000000000010c948       0x30 C:/devkitPro/libctru/lib\libctru.a(thread.o)
                0x000000000010c948                threadGetCurrent
 .text.threadExit
                0x000000000010c978       0x40 C:/devkitPro/libctru/lib\libctru.a(thread.o)
                0x000000000010c978                threadExit
 .text._thread_begin
                0x000000000010c9b8       0x20 C:/devkitPro/libctru/lib\libctru.a(thread.o)
 .text.mappableFindAddressWithin
                0x000000000010c9d8       0xb4 C:/devkitPro/libctru/lib\libctru.a(mappable.o)
 .text.mappableInit
                0x000000000010ca8c       0x28 C:/devkitPro/libctru/lib\libctru.a(mappable.o)
                0x000000000010ca8c                mappableInit
 .text.mappableAlloc
                0x000000000010cab4       0x80 C:/devkitPro/libctru/lib\libctru.a(mappable.o)
                0x000000000010cab4                mappableAlloc
 .text.mappableFree
                0x000000000010cb34        0x4 C:/devkitPro/libctru/lib\libctru.a(mappable.o)
                0x000000000010cb34                mappableFree
 .text.irrstInit
                0x000000000010cb38      0x164 C:/devkitPro/libctru/lib\libctru.a(irrst.o)
                0x000000000010cb38                irrstInit
 .text.irrstExit
                0x000000000010cc9c       0xcc C:/devkitPro/libctru/lib\libctru.a(irrst.o)
                0x000000000010cc9c                irrstExit
 .text.irrstScanInput
                0x000000000010cd68       0xb4 C:/devkitPro/libctru/lib\libctru.a(irrst.o)
                0x000000000010cd68                irrstScanInput
 .text.irrstKeysHeld
                0x000000000010ce1c       0x24 C:/devkitPro/libctru/lib\libctru.a(irrst.o)
                0x000000000010ce1c                irrstKeysHeld
 .text.srvPmGetSessionHandle
                0x000000000010ce40        0xc C:/devkitPro/libctru/lib\libctru.a(srvpm.o)
                0x000000000010ce40                srvPmGetSessionHandle
 .text.rbtree_node_next
                0x000000000010ce4c       0x5c C:/devkitPro/libctru/lib\libctru.a(rbtree_iterator.o)
                0x000000000010ce4c                rbtree_node_next
 .text.__appInit
                0x000000000010cea8       0x30 C:/devkitPro/libctru/lib\libctru.a(appInit.o)
                0x000000000010cea8                __appInit
 .text.__syscall_getreent
                0x000000000010ced8       0x30 C:/devkitPro/libctru/lib\libctru.a(syscalls.o)
                0x000000000010ced8                __syscall_getreent
 .text.__syscall_lock_acquire
                0x000000000010cf08        0x4 C:/devkitPro/libctru/lib\libctru.a(syscalls.o)
                0x000000000010cf08                __syscall_lock_acquire
 .text.__syscall_lock_release
                0x000000000010cf0c        0x4 C:/devkitPro/libctru/lib\libctru.a(syscalls.o)
                0x000000000010cf0c                __syscall_lock_release
 .text.__syscall_lock_init_recursive
                0x000000000010cf10        0x4 C:/devkitPro/libctru/lib\libctru.a(syscalls.o)
                0x000000000010cf10                __syscall_lock_init_recursive
 .text.__syscall_lock_acquire_recursive
                0x000000000010cf14        0x4 C:/devkitPro/libctru/lib\libctru.a(syscalls.o)
                0x000000000010cf14                __syscall_lock_acquire_recursive
 .text.__syscall_lock_release_recursive
                0x000000000010cf18        0x4 C:/devkitPro/libctru/lib\libctru.a(syscalls.o)
                0x000000000010cf18                __syscall_lock_release_recursive
 .text.__syscall_exit
                0x000000000010cf1c        0x4 C:/devkitPro/libctru/lib\libctru.a(syscalls.o)
                0x000000000010cf1c                __syscall_exit
 .text.initThreadVars
                0x000000000010cf20       0x50 C:/devkitPro/libctru/lib\libctru.a(syscalls.o)
                0x000000000010cf20                initThreadVars
 .text.__system_initSyscalls
                0x000000000010cf70       0x68 C:/devkitPro/libctru/lib\libctru.a(syscalls.o)
                0x000000000010cf70                __system_initSyscalls
 .text.__appExit
                0x000000000010cfd8       0x30 C:/devkitPro/libctru/lib\libctru.a(appExit.o)
                0x000000000010cfd8                __appExit
 .text.__libctru_exit
                0x000000000010d008       0x90 C:/devkitPro/libctru/lib\libctru.a(ctru_exit.o)
                0x000000000010d008                __libctru_exit
 .text.envGetHandle
                0x000000000010d098       0x84 C:/devkitPro/libctru/lib\libctru.a(env.o)
                0x000000000010d098                envGetHandle
 .text.envDestroyHandles
                0x000000000010d11c       0x50 C:/devkitPro/libctru/lib\libctru.a(env.o)
                0x000000000010d11c                envDestroyHandles
 .text.archive_link
                0x000000000010d16c       0x14 C:/devkitPro/libctru/lib\libctru.a(archive_dev.o)
 .text.archive_dirreset
                0x000000000010d180       0x14 C:/devkitPro/libctru/lib\libctru.a(archive_dev.o)
 .text.archive_chmod
                0x000000000010d194       0x14 C:/devkitPro/libctru/lib\libctru.a(archive_dev.o)
 .text.error_cmp
                0x000000000010d1a8       0x24 C:/devkitPro/libctru/lib\libctru.a(archive_dev.o)
 .text.archive_translate_error
                0x000000000010d1cc       0x50 C:/devkitPro/libctru/lib\libctru.a(archive_dev.o)
 .text.archive_seek
                0x000000000010d21c       0xc8 C:/devkitPro/libctru/lib\libctru.a(archive_dev.o)
 .text._archiveInit.part.0
                0x000000000010d2e4       0x7c C:/devkitPro/libctru/lib\libctru.a(archive_dev.o)
 .text.archiveFindDevice.part.0
                0x000000000010d360       0xc4 C:/devkitPro/libctru/lib\libctru.a(archive_dev.o)
 .text.archive_utf16path
                0x000000000010d424      0x25c C:/devkitPro/libctru/lib\libctru.a(archive_dev.o)
 .text._archiveUnmountDeviceStruct.part.0
                0x000000000010d680       0xa0 C:/devkitPro/libctru/lib\libctru.a(archive_dev.o)
 .text.archive_fchmod
                0x000000000010d720       0x14 C:/devkitPro/libctru/lib\libctru.a(archive_dev.o)
 .text.archive_statvfs
                0x000000000010d734       0x14 C:/devkitPro/libctru/lib\libctru.a(archive_dev.o)
 .text._archiveMountDevice
                0x000000000010d748      0x164 C:/devkitPro/libctru/lib\libctru.a(archive_dev.o)
 .text.archive_diropen
                0x000000000010d8ac       0xe8 C:/devkitPro/libctru/lib\libctru.a(archive_dev.o)
 .text.archive_fstat
                0x000000000010d994       0xa4 C:/devkitPro/libctru/lib\libctru.a(archive_dev.o)
 .text.archive_close
                0x000000000010da38       0x6c C:/devkitPro/libctru/lib\libctru.a(archive_dev.o)
 .text.archive_fsync
                0x000000000010daa4       0x6c C:/devkitPro/libctru/lib\libctru.a(archive_dev.o)
 .text.archive_dirclose
                0x000000000010db10       0x70 C:/devkitPro/libctru/lib\libctru.a(archive_dev.o)
 .text.sdmc_statvfs
                0x000000000010db80       0xe8 C:/devkitPro/libctru/lib\libctru.a(archive_dev.o)
 .text.archive_chdir
                0x000000000010dc68       0xec C:/devkitPro/libctru/lib\libctru.a(archive_dev.o)
 .text.archive_ftruncate
                0x000000000010dd54       0x7c C:/devkitPro/libctru/lib\libctru.a(archive_dev.o)
 .text.archive_read
                0x000000000010ddd0       0xac C:/devkitPro/libctru/lib\libctru.a(archive_dev.o)
 .text.archive_unlink
                0x000000000010de7c       0xa4 C:/devkitPro/libctru/lib\libctru.a(archive_dev.o)
 .text.archive_rmdir
                0x000000000010df20       0xbc C:/devkitPro/libctru/lib\libctru.a(archive_dev.o)
 .text.archive_mkdir
                0x000000000010dfdc       0xdc C:/devkitPro/libctru/lib\libctru.a(archive_dev.o)
 .text.archive_stat
                0x000000000010e0b8      0x19c C:/devkitPro/libctru/lib\libctru.a(archive_dev.o)
 .text.archive_dirnext
                0x000000000010e254      0x15c C:/devkitPro/libctru/lib\libctru.a(archive_dev.o)
 .text.archive_write
                0x000000000010e3b0       0xec C:/devkitPro/libctru/lib\libctru.a(archive_dev.o)
 .text.archive_open
                0x000000000010e49c      0x1d4 C:/devkitPro/libctru/lib\libctru.a(archive_dev.o)
 .text.archive_rename
                0x000000000010e670      0x278 C:/devkitPro/libctru/lib\libctru.a(archive_dev.o)
 .text.archiveMountSdmc
                0x000000000010e8e8      0x19c C:/devkitPro/libctru/lib\libctru.a(archive_dev.o)
                0x000000000010e8e8                archiveMountSdmc
 .text.archiveUnmountAll
                0x000000000010ea84       0x54 C:/devkitPro/libctru/lib\libctru.a(archive_dev.o)
                0x000000000010ea84                archiveUnmountAll
 .text.fsInit   0x000000000010ead8       0xcc C:/devkitPro/libctru/lib\libctru.a(fs.o)
                0x000000000010ead8                fsInit
 .text.fsExit   0x000000000010eba4       0x3c C:/devkitPro/libctru/lib\libctru.a(fs.o)
                0x000000000010eba4                fsExit
 .text.fsExemptFromSession
                0x000000000010ebe0       0x60 C:/devkitPro/libctru/lib\libctru.a(fs.o)
                0x000000000010ebe0                fsExemptFromSession
 .text.fsUnexemptFromSession
                0x000000000010ec40       0x50 C:/devkitPro/libctru/lib\libctru.a(fs.o)
                0x000000000010ec40                fsUnexemptFromSession
 .text.FSUSER_OpenFile
                0x000000000010ec90       0xcc C:/devkitPro/libctru/lib\libctru.a(fs.o)
                0x000000000010ec90                FSUSER_OpenFile
 .text.FSUSER_DeleteFile
                0x000000000010ed5c       0xbc C:/devkitPro/libctru/lib\libctru.a(fs.o)
                0x000000000010ed5c                FSUSER_DeleteFile
 .text.FSUSER_RenameFile
                0x000000000010ee18       0xf8 C:/devkitPro/libctru/lib\libctru.a(fs.o)
                0x000000000010ee18                FSUSER_RenameFile
 .text.FSUSER_DeleteDirectory
                0x000000000010ef10       0xbc C:/devkitPro/libctru/lib\libctru.a(fs.o)
                0x000000000010ef10                FSUSER_DeleteDirectory
 .text.FSUSER_CreateFile
                0x000000000010efcc       0xd4 C:/devkitPro/libctru/lib\libctru.a(fs.o)
                0x000000000010efcc                FSUSER_CreateFile
 .text.FSUSER_CreateDirectory
                0x000000000010f0a0       0xc4 C:/devkitPro/libctru/lib\libctru.a(fs.o)
                0x000000000010f0a0                FSUSER_CreateDirectory
 .text.FSUSER_RenameDirectory
                0x000000000010f164       0xf8 C:/devkitPro/libctru/lib\libctru.a(fs.o)
                0x000000000010f164                FSUSER_RenameDirectory
 .text.FSUSER_OpenDirectory
                0x000000000010f25c       0xb4 C:/devkitPro/libctru/lib\libctru.a(fs.o)
                0x000000000010f25c                FSUSER_OpenDirectory
 .text.FSUSER_OpenArchive
                0x000000000010f310       0x98 C:/devkitPro/libctru/lib\libctru.a(fs.o)
                0x000000000010f310                FSUSER_OpenArchive
 .text.FSUSER_CloseArchive
                0x000000000010f3a8       0x8c C:/devkitPro/libctru/lib\libctru.a(fs.o)
                0x000000000010f3a8                FSUSER_CloseArchive
 .text.FSUSER_GetSdmcArchiveResource
                0x000000000010f434       0x74 C:/devkitPro/libctru/lib\libctru.a(fs.o)
                0x000000000010f434                FSUSER_GetSdmcArchiveResource
 .text.FSUSER_IsSdmcWritable
                0x000000000010f4a8       0x64 C:/devkitPro/libctru/lib\libctru.a(fs.o)
                0x000000000010f4a8                FSUSER_IsSdmcWritable
 .text.FSFILE_Read
                0x000000000010f50c       0x58 C:/devkitPro/libctru/lib\libctru.a(fs.o)
                0x000000000010f50c                FSFILE_Read
 .text.FSFILE_Write
                0x000000000010f564       0x60 C:/devkitPro/libctru/lib\libctru.a(fs.o)
                0x000000000010f564                FSFILE_Write
 .text.FSFILE_GetSize
                0x000000000010f5c4       0x3c C:/devkitPro/libctru/lib\libctru.a(fs.o)
                0x000000000010f5c4                FSFILE_GetSize
 .text.FSFILE_SetSize
                0x000000000010f600       0x28 C:/devkitPro/libctru/lib\libctru.a(fs.o)
                0x000000000010f600                FSFILE_SetSize
 .text.FSFILE_Close
                0x000000000010f628       0x3c C:/devkitPro/libctru/lib\libctru.a(fs.o)
                0x000000000010f628                FSFILE_Close
 .text.FSFILE_Flush
                0x000000000010f664       0x24 C:/devkitPro/libctru/lib\libctru.a(fs.o)
                0x000000000010f664                FSFILE_Flush
 .text.FSDIR_Read
                0x000000000010f688       0x50 C:/devkitPro/libctru/lib\libctru.a(fs.o)
                0x000000000010f688                FSDIR_Read
 .text.FSDIR_Close
                0x000000000010f6d8       0x3c C:/devkitPro/libctru/lib\libctru.a(fs.o)
                0x000000000010f6d8                FSDIR_Close
 .text.utf16_to_utf8
                0x000000000010f714       0xe8 C:/devkitPro/libctru/lib\libctru.a(utf16_to_utf8.o)
                0x000000000010f714                utf16_to_utf8
 .text.decode_utf16
                0x000000000010f7fc       0x64 C:/devkitPro/libctru/lib\libctru.a(decode_utf16.o)
                0x000000000010f7fc                decode_utf16
 .text.decode_utf8
                0x000000000010f860      0x13c C:/devkitPro/libctru/lib\libctru.a(decode_utf8.o)
                0x000000000010f860                decode_utf8
 .text.utf8_to_utf16
                0x000000000010f99c       0xc0 C:/devkitPro/libctru/lib\libctru.a(utf8_to_utf16.o)
                0x000000000010f99c                utf8_to_utf16
 .text.__aeabi_read_tp
                0x000000000010fa5c        0xc C:/devkitPro/libctru/lib\libctru.a(readtp.o)
                0x000000000010fa5c                __aeabi_read_tp
 .text.encode_utf16
                0x000000000010fa68       0x54 C:/devkitPro/libctru/lib\libctru.a(encode_utf16.o)
                0x000000000010fa68                encode_utf16
 .text.encode_utf8
                0x000000000010fabc       0xe0 C:/devkitPro/libctru/lib\libctru.a(encode_utf8.o)
                0x000000000010fabc                encode_utf8
 .text.__udivmoddi4
                0x000000000010fb9c      0x120 c:/devkitpro/devkitarm/bin/../lib/gcc/arm-none-eabi/12.1.0/armv6k/fpu\libgcc.a(_udivmoddi4.o)
                0x000000000010fb9c                __udivmoddi4
 .text.bsearch  0x000000000010fcbc       0x78 c:/devkitpro/devkitarm/bin/../lib/gcc/arm-none-eabi/12.1.0/../../../../arm-none-eabi/lib/armv6k/fpu\libg.a(lib_a-bsearch.o)
                0x000000000010fcbc                bsearch
 .text.calloc   0x000000000010fd34       0x20 c:/devkitpro/devkitarm/bin/../lib/gcc/arm-none-eabi/12.1.0/../../../../arm-none-eabi/lib/armv6k/fpu\libg.a(lib_a-calloc.o)
                0x000000000010fd34                calloc
 .text._calloc_r
                0x000000000010fd54       0xc0 c:/devkitpro/devkitarm/bin/../lib/gcc/arm-none-eabi/12.1.0/../../../../arm-none-eabi/lib/armv6k/fpu\libg.a(lib_a-callocr.o)
                0x000000000010fd54                _calloc_r
 .text.__errno  0x000000000010fe14        0xc c:/devkitpro/devkitarm/bin/../lib/gcc/arm-none-eabi/12.1.0/../../../../arm-none-eabi/lib/armv6k/fpu\libg.a(lib_a-errno.o)
                0x000000000010fe14                __errno
 .text.exit     0x000000000010fe20       0x34 c:/devkitpro/devkitarm/bin/../lib/gcc/arm-none-eabi/12.1.0/../../../../arm-none-eabi/lib/armv6k/fpu\libg.a(lib_a-exit.o)
                0x000000000010fe20                exit
 .text.__sflush_r
                0x000000000010fe54      0x234 c:/devkitpro/devkitarm/bin/../lib/gcc/arm-none-eabi/12.1.0/../../../../arm-none-eabi/lib/armv6k/fpu\libg.a(lib_a-fflush.o)
                0x000000000010fe54                __sflush_r
 .text._fflush_r
                0x0000000000110088       0x94 c:/devkitpro/devkitarm/bin/../lib/gcc/arm-none-eabi/12.1.0/../../../../arm-none-eabi/lib/armv6k/fpu\libg.a(lib_a-fflush.o)
                0x0000000000110088                _fflush_r
 .text._cleanup_r
                0x000000000011011c        0xc c:/devkitpro/devkitarm/bin/../lib/gcc/arm-none-eabi/12.1.0/../../../../arm-none-eabi/lib/armv6k/fpu\libg.a(lib_a-findfp.o)
                0x000000000011011c                _cleanup_r
 .text.__sinit  0x0000000000110128      0x184 c:/devkitpro/devkitarm/bin/../lib/gcc/arm-none-eabi/12.1.0/../../../../arm-none-eabi/lib/armv6k/fpu\libg.a(lib_a-findfp.o)
                0x0000000000110128                __sinit
 .text.__sfp_lock_acquire
                0x00000000001102ac        0xc c:/devkitpro/devkitarm/bin/../lib/gcc/arm-none-eabi/12.1.0/../../../../arm-none-eabi/lib/armv6k/fpu\libg.a(lib_a-findfp.o)
                0x00000000001102ac                __sfp_lock_acquire
 .text.__sfp_lock_release
                0x00000000001102b8        0xc c:/devkitpro/devkitarm/bin/../lib/gcc/arm-none-eabi/12.1.0/../../../../arm-none-eabi/lib/armv6k/fpu\libg.a(lib_a-findfp.o)
                0x00000000001102b8                __sfp_lock_release
 .text.__libc_fini_array
                0x00000000001102c4       0x3c c:/devkitpro/devkitarm/bin/../lib/gcc/arm-none-eabi/12.1.0/../../../../arm-none-eabi/lib/armv6k/fpu\libg.a(lib_a-fini.o)
                0x00000000001102c4                __libc_fini_array
 .text._malloc_trim_r
                0x0000000000110300       0xf8 c:/devkitpro/devkitarm/bin/../lib/gcc/arm-none-eabi/12.1.0/../../../../arm-none-eabi/lib/armv6k/fpu\libg.a(lib_a-freer.o)
                0x0000000000110300                _malloc_trim_r
 .text._free_r  0x00000000001103f8      0x2e8 c:/devkitpro/devkitarm/bin/../lib/gcc/arm-none-eabi/12.1.0/../../../../arm-none-eabi/lib/armv6k/fpu\libg.a(lib_a-freer.o)
                0x00000000001103f8                _free_r
 .text._fwalk_reent
                0x00000000001106e0       0x70 c:/devkitpro/devkitarm/bin/../lib/gcc/arm-none-eabi/12.1.0/../../../../arm-none-eabi/lib/armv6k/fpu\libg.a(lib_a-fwalk.o)
                0x00000000001106e0                _fwalk_reent
 .text.__libc_init_array
                0x0000000000110750       0x84 c:/devkitpro/devkitarm/bin/../lib/gcc/arm-none-eabi/12.1.0/../../../../arm-none-eabi/lib/armv6k/fpu\libg.a(lib_a-init.o)
                0x0000000000110750                __libc_init_array
 .text.memalign
                0x00000000001107d4       0x20 c:/devkitpro/devkitarm/bin/../lib/gcc/arm-none-eabi/12.1.0/../../../../arm-none-eabi/lib/armv6k/fpu\libg.a(lib_a-malign.o)
                0x00000000001107d4                memalign
 .text._memalign_r
                0x00000000001107f4      0x14c c:/devkitpro/devkitarm/bin/../lib/gcc/arm-none-eabi/12.1.0/../../../../arm-none-eabi/lib/armv6k/fpu\libg.a(lib_a-malignr.o)
                0x00000000001107f4                _memalign_r
 .text.malloc   0x0000000000110940       0x18 c:/devkitpro/devkitarm/bin/../lib/gcc/arm-none-eabi/12.1.0/../../../../arm-none-eabi/lib/armv6k/fpu\libg.a(lib_a-malloc.o)
                0x0000000000110940                malloc
 .text.free     0x0000000000110958       0x18 c:/devkitpro/devkitarm/bin/../lib/gcc/arm-none-eabi/12.1.0/../../../../arm-none-eabi/lib/armv6k/fpu\libg.a(lib_a-malloc.o)
                0x0000000000110958                free
 .text._malloc_r
                0x0000000000110970      0x7e4 c:/devkitpro/devkitarm/bin/../lib/gcc/arm-none-eabi/12.1.0/../../../../arm-none-eabi/lib/armv6k/fpu\libg.a(lib_a-mallocr.o)
                0x0000000000110970                _malloc_r
 .text.memchr   0x0000000000111154       0xe4 c:/devkitpro/devkitarm/bin/../lib/gcc/arm-none-eabi/12.1.0/../../../../arm-none-eabi/lib/armv6k/fpu\libg.a(lib_a-memchr-stub.o)
                0x0000000000111154                memchr
 .text.memcpy   0x0000000000111238      0x118 c:/devkitpro/devkitarm/bin/../lib/gcc/arm-none-eabi/12.1.0/../../../../arm-none-eabi/lib/armv6k/fpu\libg.a(lib_a-memcpy-stub.o)
                0x0000000000111238                memcpy
 .text.memset   0x0000000000111350       0xf4 c:/devkitpro/devkitarm/bin/../lib/gcc/arm-none-eabi/12.1.0/../../../../arm-none-eabi/lib/armv6k/fpu\libg.a(lib_a-memset.o)
                0x0000000000111350                memset
 .text.__malloc_lock
                0x0000000000111444        0xc c:/devkitpro/devkitarm/bin/../lib/gcc/arm-none-eabi/12.1.0/../../../../arm-none-eabi/lib/armv6k/fpu\libg.a(lib_a-mlock.o)
                0x0000000000111444                __malloc_lock
 .text.__malloc_unlock
                0x0000000000111450        0xc c:/devkitpro/devkitarm/bin/../lib/gcc/arm-none-eabi/12.1.0/../../../../arm-none-eabi/lib/armv6k/fpu\libg.a(lib_a-mlock.o)
                0x0000000000111450                __malloc_unlock
 .text.printf   0x000000000011145c       0x34 c:/devkitpro/devkitarm/bin/../lib/gcc/arm-none-eabi/12.1.0/../../../../arm-none-eabi/lib/armv6k/fpu\libg.a(lib_a-printf.o)
                0x000000000011145c                printf
 .text.setvbuf  0x0000000000111490      0x25c c:/devkitpro/devkitarm/bin/../lib/gcc/arm-none-eabi/12.1.0/../../../../arm-none-eabi/lib/armv6k/fpu\libg.a(lib_a-setvbuf.o)
                0x0000000000111490                setvbuf
 .text.sscanf   0x00000000001116ec       0x74 c:/devkitpro/devkitarm/bin/../lib/gcc/arm-none-eabi/12.1.0/../../../../arm-none-eabi/lib/armv6k/fpu\libg.a(lib_a-sscanf.o)
                0x00000000001116ec                sscanf
 .text.__sread  0x0000000000111760       0x44 c:/devkitpro/devkitarm/bin/../lib/gcc/arm-none-eabi/12.1.0/../../../../arm-none-eabi/lib/armv6k/fpu\libg.a(lib_a-stdio.o)
                0x0000000000111760                __sread
 .text.__seofread
                0x00000000001117a4        0x8 c:/devkitpro/devkitarm/bin/../lib/gcc/arm-none-eabi/12.1.0/../../../../arm-none-eabi/lib/armv6k/fpu\libg.a(lib_a-stdio.o)
                0x00000000001117a4                __seofread
 .text.__swrite
                0x00000000001117ac       0x68 c:/devkitpro/devkitarm/bin/../lib/gcc/arm-none-eabi/12.1.0/../../../../arm-none-eabi/lib/armv6k/fpu\libg.a(lib_a-stdio.o)
                0x00000000001117ac                __swrite
 .text.__sseek  0x0000000000111814       0x44 c:/devkitpro/devkitarm/bin/../lib/gcc/arm-none-eabi/12.1.0/../../../../arm-none-eabi/lib/armv6k/fpu\libg.a(lib_a-stdio.o)
                0x0000000000111814                __sseek
 .text.__sclose
                0x0000000000111858        0x8 c:/devkitpro/devkitarm/bin/../lib/gcc/arm-none-eabi/12.1.0/../../../../arm-none-eabi/lib/armv6k/fpu\libg.a(lib_a-stdio.o)
                0x0000000000111858                __sclose
 .text.strlen   0x0000000000111860       0x5c c:/devkitpro/devkitarm/bin/../lib/gcc/arm-none-eabi/12.1.0/../../../../arm-none-eabi/lib/armv6k/fpu\libg.a(lib_a-strlen-stub.o)
                0x0000000000111860                strlen
 .text.strncat  0x00000000001118bc       0xe4 c:/devkitpro/devkitarm/bin/../lib/gcc/arm-none-eabi/12.1.0/../../../../arm-none-eabi/lib/armv6k/fpu\libg.a(lib_a-strncat.o)
                0x00000000001118bc                strncat
 .text.strncmp  0x00000000001119a0       0xe4 c:/devkitpro/devkitarm/bin/../lib/gcc/arm-none-eabi/12.1.0/../../../../arm-none-eabi/lib/armv6k/fpu\libg.a(lib_a-strncmp.o)
                0x00000000001119a0                strncmp
 .text.strncpy  0x0000000000111a84       0xc4 c:/devkitpro/devkitarm/bin/../lib/gcc/arm-none-eabi/12.1.0/../../../../arm-none-eabi/lib/armv6k/fpu\libg.a(lib_a-strncpy.o)
                0x0000000000111a84                strncpy
 .text.strnlen  0x0000000000111b48       0x48 c:/devkitpro/devkitarm/bin/../lib/gcc/arm-none-eabi/12.1.0/../../../../arm-none-eabi/lib/armv6k/fpu\libg.a(lib_a-strnlen.o)
                0x0000000000111b48                strnlen
 .text._strtoul_l.constprop.0
                0x0000000000111b90      0x1c4 c:/devkitpro/devkitarm/bin/../lib/gcc/arm-none-eabi/12.1.0/../../../../arm-none-eabi/lib/armv6k/fpu\libg.a(lib_a-strtoul.o)
 .text._strtoul_r
                0x0000000000111d54        0x4 c:/devkitpro/devkitarm/bin/../lib/gcc/arm-none-eabi/12.1.0/../../../../arm-none-eabi/lib/armv6k/fpu\libg.a(lib_a-strtoul.o)
                0x0000000000111d54                _strtoul_r
 .text.strtoul  0x0000000000111d58       0x28 c:/devkitpro/devkitarm/bin/../lib/gcc/arm-none-eabi/12.1.0/../../../../arm-none-eabi/lib/armv6k/fpu\libg.a(lib_a-strtoul.o)
                0x0000000000111d58                strtoul
 .text.get_arg  0x0000000000111d80       0x50 c:/devkitpro/devkitarm/bin/../lib/gcc/arm-none-eabi/12.1.0/../../../../arm-none-eabi/lib/armv6k/fpu\libg.a(lib_a-svfscanf.o)
 .text.__ssvfscanf_r
                0x0000000000111dd0     0x2c38 c:/devkitpro/devkitarm/bin/../lib/gcc/arm-none-eabi/12.1.0/../../../../arm-none-eabi/lib/armv6k/fpu\libg.a(lib_a-svfscanf.o)
                0x0000000000111dd0                __ssvfscanf_r
 .text.get_arg  0x0000000000114a08      0x66c c:/devkitpro/devkitarm/bin/../lib/gcc/arm-none-eabi/12.1.0/../../../../arm-none-eabi/lib/armv6k/fpu\libg.a(lib_a-vfprintf.o)
 *fill*         0x0000000000115074        0x4 
 .text._vfprintf_r
                0x0000000000115078     0x339c c:/devkitpro/devkitarm/bin/../lib/gcc/arm-none-eabi/12.1.0/../../../../arm-none-eabi/lib/armv6k/fpu\libg.a(lib_a-vfprintf.o)
                0x0000000000115078                _vfprintf_r
 .text.__sbprintf
                0x0000000000118414       0xd0 c:/devkitpro/devkitarm/bin/../lib/gcc/arm-none-eabi/12.1.0/../../../../arm-none-eabi/lib/armv6k/fpu\libg.a(lib_a-vfprintf.o)
 .text._wcrtomb_r
                0x00000000001184e4       0x54 c:/devkitpro/devkitarm/bin/../lib/gcc/arm-none-eabi/12.1.0/../../../../arm-none-eabi/lib/armv6k/fpu\libg.a(lib_a-wcrtomb.o)
                0x00000000001184e4                _wcrtomb_r
 .text._wcsrtombs_r
                0x0000000000118538       0x28 c:/devkitpro/devkitarm/bin/../lib/gcc/arm-none-eabi/12.1.0/../../../../arm-none-eabi/lib/armv6k/fpu\libg.a(lib_a-wcsrtombs.o)
                0x0000000000118538                _wcsrtombs_r
 .text.__swsetup_r
                0x0000000000118560      0x13c c:/devkitpro/devkitarm/bin/../lib/gcc/arm-none-eabi/12.1.0/../../../../arm-none-eabi/lib/armv6k/fpu\libg.a(lib_a-wsetup.o)
                0x0000000000118560                __swsetup_r
 .text.__call_exitprocs
                0x000000000011869c      0x114 c:/devkitpro/devkitarm/bin/../lib/gcc/arm-none-eabi/12.1.0/../../../../arm-none-eabi/lib/armv6k/fpu\libg.a(lib_a-__call_atexit.o)
                0x000000000011869c                __call_exitprocs
 .text.quorem   0x00000000001187b0      0x1b0 c:/devkitpro/devkitarm/bin/../lib/gcc/arm-none-eabi/12.1.0/../../../../arm-none-eabi/lib/armv6k/fpu\libg.a(lib_a-dtoa.o)
 .text._dtoa_r  0x0000000000118960     0x11f8 c:/devkitpro/devkitarm/bin/../lib/gcc/arm-none-eabi/12.1.0/../../../../arm-none-eabi/lib/armv6k/fpu\libg.a(lib_a-dtoa.o)
                0x0000000000118960                _dtoa_r
 .text._fclose_r
                0x0000000000119b58      0x15c c:/devkitpro/devkitarm/bin/../lib/gcc/arm-none-eabi/12.1.0/../../../../arm-none-eabi/lib/armv6k/fpu\libg.a(lib_a-fclose.o)
                0x0000000000119b58                _fclose_r
 .text.iswspace
                0x0000000000119cb4        0x8 c:/devkitpro/devkitarm/bin/../lib/gcc/arm-none-eabi/12.1.0/../../../../arm-none-eabi/lib/armv6k/fpu\libg.a(lib_a-iswspace.o)
                0x0000000000119cb4                iswspace
 .text._localeconv_r
                0x0000000000119cbc        0xc c:/devkitpro/devkitarm/bin/../lib/gcc/arm-none-eabi/12.1.0/../../../../arm-none-eabi/lib/armv6k/fpu\libg.a(lib_a-localeconv.o)
                0x0000000000119cbc                _localeconv_r
 .text.__locale_mb_cur_max
                0x0000000000119cc8       0x10 c:/devkitpro/devkitarm/bin/../lib/gcc/arm-none-eabi/12.1.0/../../../../arm-none-eabi/lib/armv6k/fpu\libg.a(lib_a-locale.o)
                0x0000000000119cc8                __locale_mb_cur_max
 .text.__smakebuf_r
                0x0000000000119cd8      0x138 c:/devkitpro/devkitarm/bin/../lib/gcc/arm-none-eabi/12.1.0/../../../../arm-none-eabi/lib/armv6k/fpu\libg.a(lib_a-makebuf.o)
                0x0000000000119cd8                __smakebuf_r
 .text.__swhatbuf_r
                0x0000000000119e10       0x8c c:/devkitpro/devkitarm/bin/../lib/gcc/arm-none-eabi/12.1.0/../../../../arm-none-eabi/lib/armv6k/fpu\libg.a(lib_a-makebuf.o)
                0x0000000000119e10                __swhatbuf_r
 .text._mbrtowc_r
                0x0000000000119e9c       0x68 c:/devkitpro/devkitarm/bin/../lib/gcc/arm-none-eabi/12.1.0/../../../../arm-none-eabi/lib/armv6k/fpu\libg.a(lib_a-mbrtowc.o)
                0x0000000000119e9c                _mbrtowc_r
 .text.__utf8_mbtowc
                0x0000000000119f04      0x2f8 c:/devkitpro/devkitarm/bin/../lib/gcc/arm-none-eabi/12.1.0/../../../../arm-none-eabi/lib/armv6k/fpu\libg.a(lib_a-mbtowc_r.o)
                0x0000000000119f04                __utf8_mbtowc
 .text._Balloc  0x000000000011a1fc       0x88 c:/devkitpro/devkitarm/bin/../lib/gcc/arm-none-eabi/12.1.0/../../../../arm-none-eabi/lib/armv6k/fpu\libg.a(lib_a-mprec.o)
                0x000000000011a1fc                _Balloc
 .text._Bfree   0x000000000011a284       0x1c c:/devkitpro/devkitarm/bin/../lib/gcc/arm-none-eabi/12.1.0/../../../../arm-none-eabi/lib/armv6k/fpu\libg.a(lib_a-mprec.o)
                0x000000000011a284                _Bfree
 .text.__multadd
                0x000000000011a2a0       0xf4 c:/devkitpro/devkitarm/bin/../lib/gcc/arm-none-eabi/12.1.0/../../../../arm-none-eabi/lib/armv6k/fpu\libg.a(lib_a-mprec.o)
                0x000000000011a2a0                __multadd
 .text.__s2b    0x000000000011a394      0x110 c:/devkitpro/devkitarm/bin/../lib/gcc/arm-none-eabi/12.1.0/../../../../arm-none-eabi/lib/armv6k/fpu\libg.a(lib_a-mprec.o)
                0x000000000011a394                __s2b
 .text.__hi0bits
                0x000000000011a4a4       0x60 c:/devkitpro/devkitarm/bin/../lib/gcc/arm-none-eabi/12.1.0/../../../../arm-none-eabi/lib/armv6k/fpu\libg.a(lib_a-mprec.o)
                0x000000000011a4a4                __hi0bits
 .text.__lo0bits
                0x000000000011a504       0x9c c:/devkitpro/devkitarm/bin/../lib/gcc/arm-none-eabi/12.1.0/../../../../arm-none-eabi/lib/armv6k/fpu\libg.a(lib_a-mprec.o)
                0x000000000011a504                __lo0bits
 .text.__i2b    0x000000000011a5a0       0xa8 c:/devkitpro/devkitarm/bin/../lib/gcc/arm-none-eabi/12.1.0/../../../../arm-none-eabi/lib/armv6k/fpu\libg.a(lib_a-mprec.o)
                0x000000000011a5a0                __i2b
 .text.__multiply
                0x000000000011a648      0x204 c:/devkitpro/devkitarm/bin/../lib/gcc/arm-none-eabi/12.1.0/../../../../arm-none-eabi/lib/armv6k/fpu\libg.a(lib_a-mprec.o)
                0x000000000011a648                __multiply
 .text.__pow5mult
                0x000000000011a84c      0x124 c:/devkitpro/devkitarm/bin/../lib/gcc/arm-none-eabi/12.1.0/../../../../arm-none-eabi/lib/armv6k/fpu\libg.a(lib_a-mprec.o)
                0x000000000011a84c                __pow5mult
 .text.__lshift
                0x000000000011a970      0x140 c:/devkitpro/devkitarm/bin/../lib/gcc/arm-none-eabi/12.1.0/../../../../arm-none-eabi/lib/armv6k/fpu\libg.a(lib_a-mprec.o)
                0x000000000011a970                __lshift
 .text.__mcmp   0x000000000011aab0       0x58 c:/devkitpro/devkitarm/bin/../lib/gcc/arm-none-eabi/12.1.0/../../../../arm-none-eabi/lib/armv6k/fpu\libg.a(lib_a-mprec.o)
                0x000000000011aab0                __mcmp
 .text.__mdiff  0x000000000011ab08      0x1ec c:/devkitpro/devkitarm/bin/../lib/gcc/arm-none-eabi/12.1.0/../../../../arm-none-eabi/lib/armv6k/fpu\libg.a(lib_a-mprec.o)
                0x000000000011ab08                __mdiff
 .text.__ulp    0x000000000011acf4       0x68 c:/devkitpro/devkitarm/bin/../lib/gcc/arm-none-eabi/12.1.0/../../../../arm-none-eabi/lib/armv6k/fpu\libg.a(lib_a-mprec.o)
                0x000000000011acf4                __ulp
 .text.__b2d    0x000000000011ad5c       0xd0 c:/devkitpro/devkitarm/bin/../lib/gcc/arm-none-eabi/12.1.0/../../../../arm-none-eabi/lib/armv6k/fpu\libg.a(lib_a-mprec.o)
                0x000000000011ad5c                __b2d
 .text.__d2b    0x000000000011ae2c      0x120 c:/devkitpro/devkitarm/bin/../lib/gcc/arm-none-eabi/12.1.0/../../../../arm-none-eabi/lib/armv6k/fpu\libg.a(lib_a-mprec.o)
                0x000000000011ae2c                __d2b
 .text.__ratio  0x000000000011af4c       0x78 c:/devkitpro/devkitarm/bin/../lib/gcc/arm-none-eabi/12.1.0/../../../../arm-none-eabi/lib/armv6k/fpu\libg.a(lib_a-mprec.o)
                0x000000000011af4c                __ratio
 .text.__copybits
                0x000000000011afc4       0x88 c:/devkitpro/devkitarm/bin/../lib/gcc/arm-none-eabi/12.1.0/../../../../arm-none-eabi/lib/armv6k/fpu\libg.a(lib_a-mprec.o)
                0x000000000011afc4                __copybits
 .text.__any_on
                0x000000000011b04c       0x5c c:/devkitpro/devkitarm/bin/../lib/gcc/arm-none-eabi/12.1.0/../../../../arm-none-eabi/lib/armv6k/fpu\libg.a(lib_a-mprec.o)
                0x000000000011b04c                __any_on
 .text.realloc  0x000000000011b0a8       0x20 c:/devkitpro/devkitarm/bin/../lib/gcc/arm-none-eabi/12.1.0/../../../../arm-none-eabi/lib/armv6k/fpu\libg.a(lib_a-realloc.o)
                0x000000000011b0a8                realloc
 .text._realloc_r
                0x000000000011b0c8      0x4a0 c:/devkitpro/devkitarm/bin/../lib/gcc/arm-none-eabi/12.1.0/../../../../arm-none-eabi/lib/armv6k/fpu\libg.a(lib_a-reallocr.o)
                0x000000000011b0c8                _realloc_r
 .text.__sccl   0x000000000011b568       0xf4 c:/devkitpro/devkitarm/bin/../lib/gcc/arm-none-eabi/12.1.0/../../../../arm-none-eabi/lib/armv6k/fpu\libg.a(lib_a-sccl.o)
                0x000000000011b568                __sccl
 .text.nanf     0x000000000011b65c        0xc c:/devkitpro/devkitarm/bin/../lib/gcc/arm-none-eabi/12.1.0/../../../../arm-none-eabi/lib/armv6k/fpu\libg.a(lib_a-sf_nan.o)
                0x000000000011b65c                nanf
 .text.frexp    0x000000000011b668       0x88 c:/devkitpro/devkitarm/bin/../lib/gcc/arm-none-eabi/12.1.0/../../../../arm-none-eabi/lib/armv6k/fpu\libg.a(lib_a-s_frexp.o)
                0x000000000011b668                frexp
 .text.sprintf  0x000000000011b6f0       0x64 c:/devkitpro/devkitarm/bin/../lib/gcc/arm-none-eabi/12.1.0/../../../../arm-none-eabi/lib/armv6k/fpu\libg.a(lib_a-sprintf.o)
                0x000000000011b6f0                sprintf
 .text.stpncpy  0x000000000011b754       0xcc c:/devkitpro/devkitarm/bin/../lib/gcc/arm-none-eabi/12.1.0/../../../../arm-none-eabi/lib/armv6k/fpu\libg.a(lib_a-stpncpy.o)
                0x000000000011b754                stpncpy
 .text.strchr   0x000000000011b820      0x130 c:/devkitpro/devkitarm/bin/../lib/gcc/arm-none-eabi/12.1.0/../../../../arm-none-eabi/lib/armv6k/fpu\libg.a(lib_a-strchr.o)
                0x000000000011b820                strchr
 .text.sulp     0x000000000011b950       0x64 c:/devkitpro/devkitarm/bin/../lib/gcc/arm-none-eabi/12.1.0/../../../../arm-none-eabi/lib/armv6k/fpu\libg.a(lib_a-strtod.o)
 *fill*         0x000000000011b9b4        0x4 
 .text._strtod_l
                0x000000000011b9b8     0x13a8 c:/devkitpro/devkitarm/bin/../lib/gcc/arm-none-eabi/12.1.0/../../../../arm-none-eabi/lib/armv6k/fpu\libg.a(lib_a-strtod.o)
                0x000000000011b9b8                _strtod_l
 .text._strtod_r
                0x000000000011cd60        0xc c:/devkitpro/devkitarm/bin/../lib/gcc/arm-none-eabi/12.1.0/../../../../arm-none-eabi/lib/armv6k/fpu\libg.a(lib_a-strtod.o)
                0x000000000011cd60                _strtod_r
 .text._strtoll_l.constprop.0
                0x000000000011cd6c      0x22c c:/devkitpro/devkitarm/bin/../lib/gcc/arm-none-eabi/12.1.0/../../../../arm-none-eabi/lib/armv6k/fpu\libg.a(lib_a-strtoll.o)
 .text._strtoll_r
                0x000000000011cf98        0x4 c:/devkitpro/devkitarm/bin/../lib/gcc/arm-none-eabi/12.1.0/../../../../arm-none-eabi/lib/armv6k/fpu\libg.a(lib_a-strtoll.o)
                0x000000000011cf98                _strtoll_r
 .text._strtol_l.part.0
                0x000000000011cf9c      0x1a4 c:/devkitpro/devkitarm/bin/../lib/gcc/arm-none-eabi/12.1.0/../../../../arm-none-eabi/lib/armv6k/fpu\libg.a(lib_a-strtol.o)
 .text._strtol_r
                0x000000000011d140       0x3c c:/devkitpro/devkitarm/bin/../lib/gcc/arm-none-eabi/12.1.0/../../../../arm-none-eabi/lib/armv6k/fpu\libg.a(lib_a-strtol.o)
                0x000000000011d140                _strtol_r
 .text._strtoull_l.constprop.0
                0x000000000011d17c      0x244 c:/devkitpro/devkitarm/bin/../lib/gcc/arm-none-eabi/12.1.0/../../../../arm-none-eabi/lib/armv6k/fpu\libg.a(lib_a-strtoull.o)
 .text._strtoull_r
                0x000000000011d3c0        0x4 c:/devkitpro/devkitarm/bin/../lib/gcc/arm-none-eabi/12.1.0/../../../../arm-none-eabi/lib/armv6k/fpu\libg.a(lib_a-strtoull.o)
                0x000000000011d3c0                _strtoull_r
 .text.__ssprint_r
                0x000000000011d3c4      0x188 c:/devkitpro/devkitarm/bin/../lib/gcc/arm-none-eabi/12.1.0/../../../../arm-none-eabi/lib/armv6k/fpu\libg.a(lib_a-svfiprintf.o)
                0x000000000011d3c4                __ssprint_r
 .text._sungetc_r
                0x000000000011d54c       0xd4 c:/devkitpro/devkitarm/bin/../lib/gcc/arm-none-eabi/12.1.0/../../../../arm-none-eabi/lib/armv6k/fpu\libg.a(lib_a-svfiscanf.o)
                0x000000000011d54c                _sungetc_r
 .text.__ssrefill_r
                0x000000000011d620       0x6c c:/devkitpro/devkitarm/bin/../lib/gcc/arm-none-eabi/12.1.0/../../../../arm-none-eabi/lib/armv6k/fpu\libg.a(lib_a-svfiscanf.o)
                0x000000000011d620                __ssrefill_r
 .text._sfread_r
                0x000000000011d68c       0xc4 c:/devkitpro/devkitarm/bin/../lib/gcc/arm-none-eabi/12.1.0/../../../../arm-none-eabi/lib/armv6k/fpu\libg.a(lib_a-svfiscanf.o)
                0x000000000011d68c                _sfread_r
 .text.get_arg  0x000000000011d750      0x66c c:/devkitpro/devkitarm/bin/../lib/gcc/arm-none-eabi/12.1.0/../../../../arm-none-eabi/lib/armv6k/fpu\libg.a(lib_a-svfprintf.o)
 *fill*         0x000000000011ddbc        0x4 
 .text._svfprintf_r
                0x000000000011ddc0     0x3334 c:/devkitpro/devkitarm/bin/../lib/gcc/arm-none-eabi/12.1.0/../../../../arm-none-eabi/lib/armv6k/fpu\libg.a(lib_a-svfprintf.o)
                0x000000000011ddc0                _svfprintf_r
 .text.__submore
                0x00000000001210f4       0xa8 c:/devkitpro/devkitarm/bin/../lib/gcc/arm-none-eabi/12.1.0/../../../../arm-none-eabi/lib/armv6k/fpu\libg.a(lib_a-ungetc.o)
                0x00000000001210f4                __submore
 .text.get_arg  0x000000000012119c      0x66c c:/devkitpro/devkitarm/bin/../lib/gcc/arm-none-eabi/12.1.0/../../../../arm-none-eabi/lib/armv6k/fpu\libg.a(lib_a-vfiprintf.o)
 .text.__sprint_r
                0x0000000000121808       0x30 c:/devkitpro/devkitarm/bin/../lib/gcc/arm-none-eabi/12.1.0/../../../../arm-none-eabi/lib/armv6k/fpu\libg.a(lib_a-vfiprintf.o)
                0x0000000000121808                __sprint_r
 .text._vfiprintf_r
                0x0000000000121838     0x22ec c:/devkitpro/devkitarm/bin/../lib/gcc/arm-none-eabi/12.1.0/../../../../arm-none-eabi/lib/armv6k/fpu\libg.a(lib_a-vfiprintf.o)
                0x0000000000121838                _vfiprintf_r
 .text.__sbprintf
                0x0000000000123b24       0xd0 c:/devkitpro/devkitarm/bin/../lib/gcc/arm-none-eabi/12.1.0/../../../../arm-none-eabi/lib/armv6k/fpu\libg.a(lib_a-vfiprintf.o)
 .text._wcsnrtombs_l
                0x0000000000123bf4      0x188 c:/devkitpro/devkitarm/bin/../lib/gcc/arm-none-eabi/12.1.0/../../../../arm-none-eabi/lib/armv6k/fpu\libg.a(lib_a-wcsnrtombs.o)
                0x0000000000123bf4                _wcsnrtombs_l
 .text._wcsnrtombs_r
                0x0000000000123d7c       0x4c c:/devkitpro/devkitarm/bin/../lib/gcc/arm-none-eabi/12.1.0/../../../../arm-none-eabi/lib/armv6k/fpu\libg.a(lib_a-wcsnrtombs.o)
                0x0000000000123d7c                _wcsnrtombs_r
 .text.__utf8_wctomb
                0x0000000000123dc8       0xf0 c:/devkitpro/devkitarm/bin/../lib/gcc/arm-none-eabi/12.1.0/../../../../arm-none-eabi/lib/armv6k/fpu\libg.a(lib_a-wctomb_r.o)
                0x0000000000123dc8                __utf8_wctomb
 .text.__assert_func
                0x0000000000123eb8       0x5c c:/devkitpro/devkitarm/bin/../lib/gcc/arm-none-eabi/12.1.0/../../../../arm-none-eabi/lib/armv6k/fpu\libg.a(lib_a-assert.o)
                0x0000000000123eb8                __assert_func
 .text.fiprintf
                0x0000000000123f14       0x3c c:/devkitpro/devkitarm/bin/../lib/gcc/arm-none-eabi/12.1.0/../../../../arm-none-eabi/lib/armv6k/fpu\libg.a(lib_a-fiprintf.o)
                0x0000000000123f14                fiprintf
 .text.__sfvwrite_r
                0x0000000000123f50      0x4b4 c:/devkitpro/devkitarm/bin/../lib/gcc/arm-none-eabi/12.1.0/../../../../arm-none-eabi/lib/armv6k/fpu\libg.a(lib_a-fvwrite.o)
                0x0000000000123f50                __sfvwrite_r
 .text.rshift   0x0000000000124404       0xf0 c:/devkitpro/devkitarm/bin/../lib/gcc/arm-none-eabi/12.1.0/../../../../arm-none-eabi/lib/armv6k/fpu\libg.a(lib_a-gdtoa-gethex.o)
 .text.__gethex
                0x00000000001244f4      0x814 c:/devkitpro/devkitarm/bin/../lib/gcc/arm-none-eabi/12.1.0/../../../../arm-none-eabi/lib/armv6k/fpu\libg.a(lib_a-gdtoa-gethex.o)
                0x00000000001244f4                __gethex
 .text.__match  0x0000000000124d08       0x4c c:/devkitpro/devkitarm/bin/../lib/gcc/arm-none-eabi/12.1.0/../../../../arm-none-eabi/lib/armv6k/fpu\libg.a(lib_a-gdtoa-hexnan.o)
                0x0000000000124d08                __match
 .text.__hexnan
                0x0000000000124d54      0x29c c:/devkitpro/devkitarm/bin/../lib/gcc/arm-none-eabi/12.1.0/../../../../arm-none-eabi/lib/armv6k/fpu\libg.a(lib_a-gdtoa-hexnan.o)
                0x0000000000124d54                __hexnan
 .text.iswspace_l
                0x0000000000124ff0       0x3c c:/devkitpro/devkitarm/bin/../lib/gcc/arm-none-eabi/12.1.0/../../../../arm-none-eabi/lib/armv6k/fpu\libg.a(lib_a-iswspace_l.o)
                0x0000000000124ff0                iswspace_l
 .text.__jp2uc  0x000000000012502c      0x1d8 c:/devkitpro/devkitarm/bin/../lib/gcc/arm-none-eabi/12.1.0/../../../../arm-none-eabi/lib/armv6k/fpu\libg.a(lib_a-jp2uc.o)
 .text._jp2uc_l
                0x0000000000125204       0x9c c:/devkitpro/devkitarm/bin/../lib/gcc/arm-none-eabi/12.1.0/../../../../arm-none-eabi/lib/armv6k/fpu\libg.a(lib_a-jp2uc.o)
                0x0000000000125204                _jp2uc_l
 .text.memmove  0x00000000001252a0      0x150 c:/devkitpro/devkitarm/bin/../lib/gcc/arm-none-eabi/12.1.0/../../../../arm-none-eabi/lib/armv6k/fpu\libg.a(lib_a-memmove.o)
                0x00000000001252a0                memmove
 .text.nan      0x00000000001253f0       0x10 c:/devkitpro/devkitarm/bin/../lib/gcc/arm-none-eabi/12.1.0/../../../../arm-none-eabi/lib/armv6k/fpu\libg.a(lib_a-s_nan.o)
                0x00000000001253f0                nan
 .text.abort    0x0000000000125400       0x14 c:/devkitpro/devkitarm/bin/../lib/gcc/arm-none-eabi/12.1.0/../../../../arm-none-eabi/lib/armv6k/fpu\libg.a(lib_a-abort.o)
                0x0000000000125400                abort
 .text.category
                0x0000000000125414       0x8c c:/devkitpro/devkitarm/bin/../lib/gcc/arm-none-eabi/12.1.0/../../../../arm-none-eabi/lib/armv6k/fpu\libg.a(lib_a-categories.o)
                0x0000000000125414                category
 .text._raise_r
                0x00000000001254a0       0x90 c:/devkitpro/devkitarm/bin/../lib/gcc/arm-none-eabi/12.1.0/../../../../arm-none-eabi/lib/armv6k/fpu\libg.a(lib_a-signal.o)
                0x00000000001254a0                _raise_r
 .text.raise    0x0000000000125530       0x18 c:/devkitpro/devkitarm/bin/../lib/gcc/arm-none-eabi/12.1.0/../../../../arm-none-eabi/lib/armv6k/fpu\libg.a(lib_a-signal.o)
                0x0000000000125530                raise
 .text.null_write
                0x0000000000125548        0x8 c:/devkitpro/devkitarm/bin/../lib/gcc/arm-none-eabi/12.1.0/../../../../arm-none-eabi/lib/armv6k/fpu\libsysbase.a(iosupport.o)
 .text.setDefaultDevice
                0x0000000000125550       0x18 c:/devkitpro/devkitarm/bin/../lib/gcc/arm-none-eabi/12.1.0/../../../../arm-none-eabi/lib/armv6k/fpu\libsysbase.a(iosupport.o)
                0x0000000000125550                setDefaultDevice
 .text.FindDevice
                0x0000000000125568       0xc8 c:/devkitpro/devkitarm/bin/../lib/gcc/arm-none-eabi/12.1.0/../../../../arm-none-eabi/lib/armv6k/fpu\libsysbase.a(iosupport.o)
                0x0000000000125568                FindDevice
 .text.RemoveDevice
                0x0000000000125630       0x28 c:/devkitpro/devkitarm/bin/../lib/gcc/arm-none-eabi/12.1.0/../../../../arm-none-eabi/lib/armv6k/fpu\libsysbase.a(iosupport.o)
                0x0000000000125630                RemoveDevice
 .text.AddDevice
                0x0000000000125658       0x9c c:/devkitpro/devkitarm/bin/../lib/gcc/arm-none-eabi/12.1.0/../../../../arm-none-eabi/lib/armv6k/fpu\libsysbase.a(iosupport.o)
                0x0000000000125658                AddDevice
 .text.GetDeviceOpTab
                0x00000000001256f4       0x20 c:/devkitpro/devkitarm/bin/../lib/gcc/arm-none-eabi/12.1.0/../../../../arm-none-eabi/lib/armv6k/fpu\libsysbase.a(iosupport.o)
                0x00000000001256f4                GetDeviceOpTab
 .text._fstat_r
                0x0000000000125714       0x78 c:/devkitpro/devkitarm/bin/../lib/gcc/arm-none-eabi/12.1.0/../../../../arm-none-eabi/lib/armv6k/fpu\libsysbase.a(fstat.o)
                0x0000000000125714                _fstat_r
 .text._getpid_r
                0x000000000012578c       0x14 c:/devkitpro/devkitarm/bin/../lib/gcc/arm-none-eabi/12.1.0/../../../../arm-none-eabi/lib/armv6k/fpu\libsysbase.a(getpid.o)
                0x000000000012578c                _getpid_r
 .text._isatty_r
                0x00000000001257a0        0x8 c:/devkitpro/devkitarm/bin/../lib/gcc/arm-none-eabi/12.1.0/../../../../arm-none-eabi/lib/armv6k/fpu\libsysbase.a(isatty.o)
                0x00000000001257a0                _isatty_r
 .text._kill_r  0x00000000001257a8       0x14 c:/devkitpro/devkitarm/bin/../lib/gcc/arm-none-eabi/12.1.0/../../../../arm-none-eabi/lib/armv6k/fpu\libsysbase.a(kill.o)
                0x00000000001257a8                _kill_r
 .text._lseek_r
                0x00000000001257bc       0x84 c:/devkitpro/devkitarm/bin/../lib/gcc/arm-none-eabi/12.1.0/../../../../arm-none-eabi/lib/armv6k/fpu\libsysbase.a(lseek.o)
                0x00000000001257bc                _lseek_r
 .text._read_r  0x0000000000125840       0x80 c:/devkitpro/devkitarm/bin/../lib/gcc/arm-none-eabi/12.1.0/../../../../arm-none-eabi/lib/armv6k/fpu\libsysbase.a(read.o)
                0x0000000000125840                _read_r